ASSERTION	AAEDAAEDAQAAAAAAAEB/QA==
ASSERTION	AAECAAMBAAAAAAAAAPA/
ASSERTION	AAEEBAAAAAAAAAAAAA==
ASSERTION	AAEBAAIEAAAAAAAAAAAA
ASSERTION	AAMAAQRTcGluAwABBQAAAAAAAMBXQAEAAAAAAAAAiUA=
ASSERTION	AAMAAQRTcGluAgADAQAAAAAAAADgPw==
ASSERTION	AAMAAQRKb2luAgADAQAAAAAAAADgPw==
RUN	com.rgp.loadtest.naga777.grpc.Naga777GrpcSimulation	naga777grpcsimulation	1788492958288	 	3.9.5
USER	naga777-grpc-player-journey	START	1788492958402
REQUEST		Join	1788492958411	1788492958429	OK	 
REQUEST		Spin	1788492958432	1788492958441	OK	 
REQUEST		Spin	1788492958442	1788492958452	OK	 
USER	naga777-grpc-player-journey	START	1788492958502
REQUEST		Join	1788492958502	1788492958510	OK	 
REQUEST		Spin	1788492958510	1788492958521	OK	 
REQUEST		Spin	1788492958521	1788492958530	OK	 
USER	naga777-grpc-player-journey	START	1788492958602
REQUEST		Join	1788492958603	1788492958612	OK	 
REQUEST		Spin	1788492958613	1788492958625	OK	 
REQUEST		Spin	1788492958625	1788492958635	OK	 
USER	naga777-grpc-player-journey	START	1788492958702
REQUEST		Join	1788492958703	1788492958709	OK	 
REQUEST		Spin	1788492958710	1788492958720	OK	 
REQUEST		Spin	1788492958721	1788492958730	OK	 
USER	naga777-grpc-player-journey	START	1788492958802
REQUEST		Join	1788492958803	1788492958811	OK	 
REQUEST		Spin	1788492958811	1788492958822	OK	 
REQUEST		Spin	1788492958822	1788492958831	OK	 
USER	naga777-grpc-player-journey	START	1788492958902
REQUEST		Join	1788492958903	1788492958909	OK	 
REQUEST		Spin	1788492958910	1788492958919	OK	 
REQUEST		Spin	1788492958919	1788492958927	OK	 
USER	naga777-grpc-player-journey	START	1788492959002
REQUEST		Join	1788492959003	1788492959009	OK	 
REQUEST		Spin	1788492959009	1788492959017	OK	 
REQUEST		Spin	1788492959018	1788492959030	OK	 
USER	naga777-grpc-player-journey	START	1788492959103
REQUEST		Join	1788492959103	1788492959110	OK	 
REQUEST		Spin	1788492959110	1788492959119	OK	 
REQUEST		Spin	1788492959119	1788492959127	OK	 
USER	naga777-grpc-player-journey	START	1788492959203
REQUEST		Join	1788492959203	1788492959212	OK	 
REQUEST		Spin	1788492959213	1788492959224	OK	 
REQUEST		Spin	1788492959224	1788492959234	OK	 
USER	naga777-grpc-player-journey	START	1788492959303
REQUEST		Join	1788492959303	1788492959313	OK	 
REQUEST		Spin	1788492959314	1788492959324	OK	 
REQUEST		Spin	1788492959325	1788492959334	OK	 
REQUEST		Spin	1788492960444	1788492960466	OK	 
REQUEST		Spin	1788492960522	1788492960541	OK	 
REQUEST		Spin	1788492960626	1788492960642	OK	 
REQUEST		Spin	1788492960722	1788492960738	OK	 
REQUEST		Spin	1788492960823	1788492960840	OK	 
REQUEST		Spin	1788492960920	1788492960946	OK	 
REQUEST		Spin	1788492961019	1788492961025	OK	 
REQUEST		Spin	1788492961121	1788492961151	OK	 
REQUEST		Spin	1788492961225	1788492961239	OK	 
REQUEST		Spin	1788492961325	1788492961345	OK	 
REQUEST		Spin	1788492962446	1788492962471	OK	 
REQUEST		Spin	1788492962524	1788492962538	OK	 
REQUEST		Spin	1788492962627	1788492962646	OK	 
REQUEST		Spin	1788492962724	1788492962746	OK	 
REQUEST		Spin	1788492962825	1788492962848	OK	 
REQUEST		Spin	1788492962921	1788492962945	OK	 
REQUEST		Spin	1788492963021	1788492963023	OK	 
REQUEST		Spin	1788492963123	1788492963142	OK	 
REQUEST		Spin	1788492963226	1788492963243	OK	 
REQUEST		Spin	1788492963326	1788492963346	OK	 
REQUEST		Spin	1788492964447	1788492964467	OK	 
REQUEST		Spin	1788492964524	1788492964541	OK	 
REQUEST		Spin	1788492964626	1788492964641	OK	 
REQUEST		Spin	1788492964726	1788492964744	OK	 
REQUEST		Spin	1788492964825	1788492964845	OK	 
REQUEST		Spin	1788492964921	1788492964943	OK	 
REQUEST		Spin	1788492965021	1788492965027	OK	 
REQUEST		Spin	1788492965124	1788492965148	OK	 
REQUEST		Spin	1788492965227	1788492965238	OK	 
REQUEST		Spin	1788492965327	1788492965337	OK	 
REQUEST		Spin	1788492966449	1788492966471	OK	 
REQUEST		Spin	1788492966525	1788492966547	OK	 
REQUEST		Spin	1788492966627	1788492966636	OK	 
REQUEST		Spin	1788492966727	1788492966737	OK	 
REQUEST		Spin	1788492966826	1788492966836	OK	 
REQUEST		Spin	1788492966922	1788492966945	OK	 
REQUEST		Spin	1788492967022	1788492967027	OK	 
REQUEST		Spin	1788492967125	1788492967138	OK	 
REQUEST		Spin	1788492967229	1788492967244	OK	 
REQUEST		Spin	1788492967328	1788492967348	OK	 
REQUEST		Spin	1788492968449	1788492968473	OK	 
REQUEST		Spin	1788492968526	1788492968542	OK	 
REQUEST		Spin	1788492968628	1788492968644	OK	 
REQUEST		Spin	1788492968726	1788492968746	OK	 
REQUEST		Spin	1788492968828	1788492968845	OK	 
REQUEST		Spin	1788492968924	1788492968942	OK	 
REQUEST		Spin	1788492969022	1788492969027	OK	 
REQUEST		Spin	1788492969126	1788492969148	OK	 
REQUEST		Spin	1788492969230	1788492969248	OK	 
REQUEST		Spin	1788492969329	1788492969349	OK	 
REQUEST		Spin	1788492970451	1788492970461	OK	 
REQUEST		Spin	1788492970528	1788492970538	OK	 
REQUEST		Spin	1788492970629	1788492970638	OK	 
REQUEST		Spin	1788492970727	1788492970739	OK	 
REQUEST		Spin	1788492970828	1788492970843	OK	 
REQUEST		Spin	1788492970924	1788492970944	OK	 
REQUEST		Spin	1788492971024	1788492971028	OK	 
REQUEST		Spin	1788492971127	1788492971141	OK	 
REQUEST		Spin	1788492971232	1788492971249	OK	 
REQUEST		Spin	1788492971330	1788492971349	OK	 
REQUEST		Spin	1788492972451	1788492972473	OK	 
REQUEST		Spin	1788492972528	1788492972544	OK	 
REQUEST		Spin	1788492972630	1788492972653	OK	 
REQUEST		Spin	1788492972729	1788492972744	OK	 
REQUEST		Spin	1788492972829	1788492972844	OK	 
REQUEST		Spin	1788492972925	1788492972945	OK	 
REQUEST		Spin	1788492973025	1788492973027	OK	 
REQUEST		Spin	1788492973128	1788492973140	OK	 
REQUEST		Spin	1788492973233	1788492973251	OK	 
REQUEST		Spin	1788492973331	1788492973347	OK	 
REQUEST		Spin	1788492974451	1788492974465	OK	 
REQUEST		Spin	1788492974529	1788492974543	OK	 
REQUEST		Spin	1788492974631	1788492974647	OK	 
REQUEST		Spin	1788492974729	1788492974745	OK	 
REQUEST		Spin	1788492974830	1788492974847	OK	 
REQUEST		Spin	1788492974926	1788492974940	OK	 
REQUEST		Spin	1788492975027	1788492975032	OK	 
REQUEST		Spin	1788492975129	1788492975143	OK	 
REQUEST		Spin	1788492975234	1788492975249	OK	 
REQUEST		Spin	1788492975333	1788492975348	OK	 
REQUEST		Spin	1788492976452	1788492976469	OK	 
REQUEST		Spin	1788492976530	1788492976548	OK	 
REQUEST		Spin	1788492976631	1788492976651	OK	 
REQUEST		Spin	1788492976730	1788492976744	OK	 
REQUEST		Spin	1788492976831	1788492976846	OK	 
REQUEST		Spin	1788492976927	1788492976941	OK	 
REQUEST		Spin	1788492977028	1788492977031	OK	 
REQUEST		Spin	1788492977130	1788492977150	OK	 
REQUEST		Spin	1788492977235	1788492977250	OK	 
REQUEST		Spin	1788492977335	1788492977357	OK	 
REQUEST		Spin	1788492978452	1788492978466	OK	 
REQUEST		Spin	1788492978531	1788492978539	OK	 
REQUEST		Spin	1788492978632	1788492978644	OK	 
REQUEST		Spin	1788492978732	1788492978742	OK	 
REQUEST		Spin	1788492978832	1788492978842	OK	 
REQUEST		Spin	1788492978928	1788492978944	OK	 
REQUEST		Spin	1788492979028	1788492979031	OK	 
REQUEST		Spin	1788492979131	1788492979146	OK	 
REQUEST		Spin	1788492979236	1788492979252	OK	 
REQUEST		Spin	1788492979336	1788492979351	OK	 
REQUEST		Spin	1788492980458	1788492980473	OK	 
REQUEST		Spin	1788492980531	1788492980547	OK	 
REQUEST		Spin	1788492980633	1788492980648	OK	 
REQUEST		Spin	1788492980732	1788492980760	OK	 
REQUEST		Spin	1788492980833	1788492980844	OK	 
REQUEST		Spin	1788492980929	1788492980938	OK	 
REQUEST		Spin	1788492981029	1788492981031	OK	 
REQUEST		Spin	1788492981132	1788492981143	OK	 
REQUEST		Spin	1788492981237	1788492981246	OK	 
REQUEST		Spin	1788492981336	1788492981350	OK	 
REQUEST		Spin	1788492982460	1788492982473	OK	 
REQUEST		Spin	1788492982533	1788492982549	OK	 
REQUEST		Spin	1788492982634	1788492982650	OK	 
REQUEST		Spin	1788492982733	1788492982745	OK	 
REQUEST		Spin	1788492982834	1788492982857	OK	 
REQUEST		Spin	1788492982930	1788492982945	OK	 
REQUEST		Spin	1788492983031	1788492983034	OK	 
REQUEST		Spin	1788492983133	1788492983148	OK	 
REQUEST		Spin	1788492983238	1788492983254	OK	 
REQUEST		Spin	1788492983337	1788492983358	OK	 
REQUEST		Spin	1788492984460	1788492984476	OK	 
REQUEST		Spin	1788492984533	1788492984548	OK	 
REQUEST		Spin	1788492984635	1788492984651	OK	 
REQUEST		Spin	1788492984734	1788492984750	OK	 
REQUEST		Spin	1788492984835	1788492984852	OK	 
REQUEST		Spin	1788492984931	1788492984947	OK	 
REQUEST		Spin	1788492985033	1788492985037	OK	 
REQUEST		Spin	1788492985135	1788492985153	OK	 
REQUEST		Spin	1788492985240	1788492985259	OK	 
REQUEST		Spin	1788492985339	1788492985355	OK	 
REQUEST		Spin	1788492986461	1788492986508	OK	 
REQUEST		Spin	1788492986535	1788492986568	OK	 
REQUEST		Spin	1788492986637	1788492986664	OK	 
REQUEST		Spin	1788492986737	1788492986807	OK	 
REQUEST		Spin	1788492986837	1788492986849	OK	 
REQUEST		Spin	1788492986933	1788492986942	OK	 
REQUEST		Spin	1788492987034	1788492987045	OK	 
REQUEST		Spin	1788492987135	1788492987157	OK	 
REQUEST		Spin	1788492987241	1788492987260	OK	 
REQUEST		Spin	1788492987340	1788492987359	OK	 
REQUEST		Spin	1788492988462	1788492988492	OK	 
REQUEST		Spin	1788492988535	1788492988563	OK	 
REQUEST		Spin	1788492988637	1788492988671	OK	 
REQUEST		Spin	1788492988739	1788492988757	OK	 
REQUEST		Spin	1788492988837	1788492988868	OK	 
REQUEST		Spin	1788492988934	1788492988960	OK	 
REQUEST		Spin	1788492989036	1788492989039	OK	 
REQUEST		Spin	1788492989137	1788492989178	OK	 
REQUEST		Spin	1788492989244	1788492989271	OK	 
REQUEST		Spin	1788492989341	1788492989369	OK	 
REQUEST		Spin	1788492990464	1788492990492	OK	 
REQUEST		Spin	1788492990535	1788492990572	OK	 
REQUEST		Spin	1788492990638	1788492990666	OK	 
REQUEST		Spin	1788492990741	1788492990772	OK	 
REQUEST		Spin	1788492990838	1788492990872	OK	 
REQUEST		Spin	1788492990934	1788492990967	OK	 
REQUEST		Spin	1788492991036	1788492991043	OK	 
REQUEST		Spin	1788492991139	1788492991171	OK	 
REQUEST		Spin	1788492991245	1788492991275	OK	 
REQUEST		Spin	1788492991344	1788492991388	OK	 
REQUEST		Spin	1788492992465	1788492992492	OK	 
REQUEST		Spin	1788492992538	1788492992572	OK	 
REQUEST		Spin	1788492992642	1788492992673	OK	 
REQUEST		Spin	1788492992742	1788492992800	OK	 
REQUEST		Spin	1788492992839	1788492992865	OK	 
REQUEST		Spin	1788492992935	1788492992967	OK	 
REQUEST		Spin	1788492993037	1788492993044	OK	 
REQUEST		Spin	1788492993140	1788492993169	OK	 
REQUEST		Spin	1788492993245	1788492993278	OK	 
REQUEST		Spin	1788492993347	1788492993371	OK	 
REQUEST		Spin	1788492994465	1788492994497	OK	 
REQUEST		Spin	1788492994540	1788492994572	OK	 
REQUEST		Spin	1788492994643	1788492994666	OK	 
REQUEST		Spin	1788492994743	1788492994770	OK	 
REQUEST		Spin	1788492994841	1788492994873	OK	 
REQUEST		Spin	1788492994937	1788492994975	OK	 
REQUEST		Spin	1788492995044	1788492995056	OK	 
REQUEST		Spin	1788492995151	1788492995177	OK	 
REQUEST		Spin	1788492995246	1788492995277	OK	 
REQUEST		Spin	1788492995348	1788492995372	OK	 
REQUEST		Spin	1788492996467	1788492996495	OK	 
REQUEST		Spin	1788492996541	1788492996567	OK	 
REQUEST		Spin	1788492996645	1788492996676	OK	 
REQUEST		Spin	1788492996744	1788492996771	OK	 
REQUEST		Spin	1788492996841	1788492996872	OK	 
REQUEST		Spin	1788492996938	1788492996969	OK	 
REQUEST		Spin	1788492997045	1788492997049	OK	 
REQUEST		Spin	1788492997151	1788492997183	OK	 
REQUEST		Spin	1788492997247	1788492997292	OK	 
REQUEST		Spin	1788492997350	1788492997373	OK	 
REQUEST		Spin	1788492998467	1788492998496	OK	 
REQUEST		Spin	1788492998544	1788492998568	OK	 
REQUEST		Spin	1788492998646	1788492998683	OK	 
REQUEST		Spin	1788492998744	1788492998770	OK	 
REQUEST		Spin	1788492998842	1788492998871	OK	 
REQUEST		Spin	1788492998938	1788492998963	OK	 
REQUEST		Spin	1788492999046	1788492999050	OK	 
REQUEST		Spin	1788492999151	1788492999170	OK	 
REQUEST		Spin	1788492999248	1788492999267	OK	 
REQUEST		Spin	1788492999351	1788492999369	OK	 
REQUEST		Spin	1788493000468	1788493000484	OK	 
REQUEST		Spin	1788493000545	1788493000577	OK	 
REQUEST		Spin	1788493000647	1788493000669	OK	 
REQUEST		Spin	1788493000746	1788493000774	OK	 
REQUEST		Spin	1788493000843	1788493000882	OK	 
REQUEST		Spin	1788493000939	1788493000968	OK	 
REQUEST		Spin	1788493001047	1788493001052	OK	 
REQUEST		Spin	1788493001152	1788493001184	OK	 
REQUEST		Spin	1788493001249	1788493001259	OK	 
REQUEST		Spin	1788493001352	1788493001365	OK	 
REQUEST		Spin	1788493002470	1788493002487	OK	 
REQUEST		Spin	1788493002546	1788493002558	OK	 
REQUEST		Spin	1788493002649	1788493002660	OK	 
REQUEST		Spin	1788493002746	1788493002764	OK	 
REQUEST		Spin	1788493002844	1788493002855	OK	 
REQUEST		Spin	1788493002940	1788493002951	OK	 
REQUEST		Spin	1788493003048	1788493003051	OK	 
REQUEST		Spin	1788493003153	1788493003167	OK	 
REQUEST		Spin	1788493003249	1788493003267	OK	 
REQUEST		Spin	1788493003353	1788493003369	OK	 
REQUEST		Spin	1788493004471	1788493004490	OK	 
REQUEST		Spin	1788493004546	1788493004568	OK	 
REQUEST		Spin	1788493004650	1788493004666	OK	 
REQUEST		Spin	1788493004747	1788493004760	OK	 
REQUEST		Spin	1788493004845	1788493004862	OK	 
REQUEST		Spin	1788493004941	1788493004956	OK	 
REQUEST		Spin	1788493005050	1788493005055	OK	 
REQUEST		Spin	1788493005154	1788493005169	OK	 
REQUEST		Spin	1788493005250	1788493005268	OK	 
REQUEST		Spin	1788493005354	1788493005380	OK	 
REQUEST		Spin	1788493006471	1788493006494	OK	 
REQUEST		Spin	1788493006548	1788493006566	OK	 
REQUEST		Spin	1788493006650	1788493006678	OK	 
REQUEST		Spin	1788493006748	1788493006766	OK	 
REQUEST		Spin	1788493006846	1788493006866	OK	 
REQUEST		Spin	1788493006942	1788493006962	OK	 
REQUEST		Spin	1788493007051	1788493007056	OK	 
REQUEST		Spin	1788493007155	1788493007177	OK	 
REQUEST		Spin	1788493007251	1788493007267	OK	 
REQUEST		Spin	1788493007355	1788493007375	OK	 
REQUEST		Spin	1788493008473	1788493008489	OK	 
REQUEST		Spin	1788493008548	1788493008566	OK	 
REQUEST		Spin	1788493008651	1788493008671	OK	 
REQUEST		Spin	1788493008750	1788493008768	OK	 
REQUEST		Spin	1788493008848	1788493008866	OK	 
REQUEST		Spin	1788493008943	1788493008965	OK	 
REQUEST		Spin	1788493009051	1788493009054	OK	 
REQUEST		Spin	1788493009156	1788493009176	OK	 
REQUEST		Spin	1788493009252	1788493009273	OK	 
REQUEST		Spin	1788493009356	1788493009377	OK	 
REQUEST		Spin	1788493010474	1788493010497	OK	 
REQUEST		Spin	1788493010548	1788493010567	OK	 
REQUEST		Spin	1788493010652	1788493010672	OK	 
REQUEST		Spin	1788493010750	1788493010772	OK	 
REQUEST		Spin	1788493010848	1788493010867	OK	 
REQUEST		Spin	1788493010944	1788493010965	OK	 
REQUEST		Spin	1788493011051	1788493011056	OK	 
REQUEST		Spin	1788493011158	1788493011180	OK	 
REQUEST		Spin	1788493011253	1788493011276	OK	 
REQUEST		Spin	1788493011357	1788493011372	OK	 
REQUEST		Spin	1788493012476	1788493012504	OK	 
REQUEST		Spin	1788493012549	1788493012568	OK	 
REQUEST		Spin	1788493012654	1788493012675	OK	 
REQUEST		Spin	1788493012752	1788493012776	OK	 
REQUEST		Spin	1788493012848	1788493012864	OK	 
REQUEST		Spin	1788493012946	1788493012963	OK	 
REQUEST		Spin	1788493013052	1788493013054	OK	 
REQUEST		Spin	1788493013157	1788493013166	OK	 
REQUEST		Spin	1788493013254	1788493013265	OK	 
REQUEST		Spin	1788493013357	1788493013367	OK	 
REQUEST		Spin	1788493014478	1788493014502	OK	 
REQUEST		Spin	1788493014550	1788493014563	OK	 
REQUEST		Spin	1788493014653	1788493014672	OK	 
REQUEST		Spin	1788493014753	1788493014772	OK	 
REQUEST		Spin	1788493014848	1788493014867	OK	 
REQUEST		Spin	1788493014947	1788493014968	OK	 
REQUEST		Spin	1788493015053	1788493015057	OK	 
REQUEST		Spin	1788493015158	1788493015176	OK	 
REQUEST		Spin	1788493015255	1788493015270	OK	 
REQUEST		Spin	1788493015358	1788493015373	OK	 
REQUEST		Spin	1788493016478	1788493016493	OK	 
REQUEST		Spin	1788493016551	1788493016565	OK	 
REQUEST		Spin	1788493016655	1788493016674	OK	 
REQUEST		Spin	1788493016752	1788493016772	OK	 
REQUEST		Spin	1788493016849	1788493016865	OK	 
REQUEST		Spin	1788493016947	1788493016966	OK	 
REQUEST		Spin	1788493017054	1788493017059	OK	 
REQUEST		Spin	1788493017158	1788493017175	OK	 
REQUEST		Spin	1788493017256	1788493017278	OK	 
REQUEST		Spin	1788493017359	1788493017386	OK	 
USER	naga777-grpc-player-journey	END	1788493018487
USER	naga777-grpc-player-journey	END	1788493018551
USER	naga777-grpc-player-journey	END	1788493018656
USER	naga777-grpc-player-journey	END	1788493018754
USER	naga777-grpc-player-journey	END	1788493018851
USER	naga777-grpc-player-journey	END	1788493018950
USER	naga777-grpc-player-journey	END	1788493019054
USER	naga777-grpc-player-journey	END	1788493019159
USER	naga777-grpc-player-journey	END	1788493019257
USER	naga777-grpc-player-journey	END	1788493019360
