ASSERTION	AAEDAAEDAQAAAAAAAEB/QA==
ASSERTION	AAECAAMBAK5H4XoUru8/
ASSERTION	AAEEBAAAAAAAAAAAAA==
ASSERTION	AAEBAAIEAAAAAAAAAAAA
ASSERTION	AAMAAQRTcGluAwABBQAAAAAAAMBXQAEAAAAAAAAAiUA=
ASSERTION	AAMAAQRTcGluAgADAQAAAAAAAADgPw==
ASSERTION	AAMAAQRKb2luAgADAQAAAAAAAADgPw==
RUN	com.rgp.loadtest.bonanza.grpc.BonanzaGrpcSimulation	bonanzagrpcsimulation	1788492875135	 	3.9.5
USER	bonanza-grpc-player-journey	START	1788492875244
REQUEST		Join	1788492875254	1788492875264	OK	 
REQUEST		Spin	1788492875267	1788492875270	OK	 
REQUEST		Spin	1788492875270	1788492875273	OK	 
USER	bonanza-grpc-player-journey	START	1788492875294
REQUEST		Join	1788492875295	1788492875302	OK	 
REQUEST		Spin	1788492875302	1788492875304	OK	 
REQUEST		Spin	1788492875304	1788492875306	OK	 
USER	bonanza-grpc-player-journey	START	1788492875345
REQUEST		Join	1788492875346	1788492875350	OK	 
REQUEST		Spin	1788492875351	1788492875352	OK	 
REQUEST		Spin	1788492875352	1788492875354	OK	 
USER	bonanza-grpc-player-journey	START	1788492875394
REQUEST		Join	1788492875395	1788492875404	OK	 
REQUEST		Spin	1788492875404	1788492875406	OK	 
REQUEST		Spin	1788492875406	1788492875407	OK	 
USER	bonanza-grpc-player-journey	START	1788492875444
REQUEST		Join	1788492875444	1788492875446	OK	 
REQUEST		Spin	1788492875447	1788492875448	OK	 
REQUEST		Spin	1788492875448	1788492875450	OK	 
USER	bonanza-grpc-player-journey	START	1788492875495
REQUEST		Join	1788492875495	1788492875497	OK	 
REQUEST		Spin	1788492875498	1788492875499	OK	 
REQUEST		Spin	1788492875500	1788492875501	OK	 
USER	bonanza-grpc-player-journey	START	1788492875544
REQUEST		Join	1788492875544	1788492875547	OK	 
REQUEST		Spin	1788492875547	1788492875548	OK	 
REQUEST		Spin	1788492875549	1788492875550	OK	 
USER	bonanza-grpc-player-journey	START	1788492875595
REQUEST		Join	1788492875595	1788492875599	OK	 
REQUEST		Spin	1788492875600	1788492875601	OK	 
REQUEST		Spin	1788492875602	1788492875603	OK	 
USER	bonanza-grpc-player-journey	START	1788492875645
REQUEST		Join	1788492875645	1788492875649	OK	 
REQUEST		Spin	1788492875650	1788492875652	OK	 
REQUEST		Spin	1788492875652	1788492875654	OK	 
USER	bonanza-grpc-player-journey	START	1788492875695
REQUEST		Join	1788492875695	1788492875701	OK	 
REQUEST		Spin	1788492875701	1788492875704	OK	 
REQUEST		Spin	1788492875704	1788492875705	OK	 
USER	bonanza-grpc-player-journey	START	1788492875744
REQUEST		Join	1788492875745	1788492875751	OK	 
REQUEST		Spin	1788492875751	1788492875753	OK	 
REQUEST		Spin	1788492875753	1788492875755	OK	 
USER	bonanza-grpc-player-journey	START	1788492875795
REQUEST		Join	1788492875796	1788492875800	OK	 
REQUEST		Spin	1788492875800	1788492875803	OK	 
REQUEST		Spin	1788492875803	1788492875806	OK	 
USER	bonanza-grpc-player-journey	START	1788492875845
REQUEST		Join	1788492875845	1788492875851	OK	 
REQUEST		Spin	1788492875851	1788492875853	OK	 
REQUEST		Spin	1788492875853	1788492875855	OK	 
USER	bonanza-grpc-player-journey	START	1788492875895
REQUEST		Join	1788492875896	1788492875901	OK	 
REQUEST		Spin	1788492875902	1788492875905	OK	 
REQUEST		Spin	1788492875905	1788492875909	OK	 
USER	bonanza-grpc-player-journey	START	1788492875945
REQUEST		Join	1788492875946	1788492875951	OK	 
REQUEST		Spin	1788492875952	1788492875955	OK	 
REQUEST		Spin	1788492875955	1788492875958	OK	 
USER	bonanza-grpc-player-journey	START	1788492875995
REQUEST		Join	1788492875996	1788492876005	OK	 
REQUEST		Spin	1788492876005	1788492876010	OK	 
REQUEST		Spin	1788492876010	1788492876012	OK	 
USER	bonanza-grpc-player-journey	START	1788492876045
REQUEST		Join	1788492876046	1788492876050	OK	 
REQUEST		Spin	1788492876050	1788492876052	OK	 
REQUEST		Spin	1788492876052	1788492876055	OK	 
USER	bonanza-grpc-player-journey	START	1788492876096
REQUEST		Join	1788492876096	1788492876100	OK	 
REQUEST		Spin	1788492876100	1788492876103	OK	 
REQUEST		Spin	1788492876103	1788492876104	OK	 
USER	bonanza-grpc-player-journey	START	1788492876145
REQUEST		Join	1788492876145	1788492876150	OK	 
REQUEST		Spin	1788492876150	1788492876152	OK	 
REQUEST		Spin	1788492876152	1788492876153	OK	 
USER	bonanza-grpc-player-journey	START	1788492876196
REQUEST		Join	1788492876196	1788492876201	OK	 
REQUEST		Spin	1788492876201	1788492876204	OK	 
REQUEST		Spin	1788492876205	1788492876208	OK	 
REQUEST		Spin	1788492877271	1788492877279	OK	 
REQUEST		Spin	1788492877305	1788492877310	OK	 
REQUEST		Spin	1788492877353	1788492877360	OK	 
REQUEST		Spin	1788492877408	1788492877412	OK	 
REQUEST		Spin	1788492877449	1788492877453	OK	 
REQUEST		Spin	1788492877500	1788492877506	OK	 
REQUEST		Spin	1788492877550	1788492877553	OK	 
REQUEST		Spin	1788492877603	1788492877605	OK	 
REQUEST		Spin	1788492877653	1788492877656	OK	 
REQUEST		Spin	1788492877706	1788492877710	OK	 
REQUEST		Spin	1788492877754	1788492877761	OK	 
REQUEST		Spin	1788492877803	1788492877809	OK	 
REQUEST		Spin	1788492877854	1788492877859	OK	 
REQUEST		Spin	1788492877907	1788492877911	OK	 
REQUEST		Spin	1788492877957	1788492877961	OK	 
REQUEST		Spin	1788492878011	1788492878015	OK	 
REQUEST		Spin	1788492878052	1788492878058	OK	 
REQUEST		Spin	1788492878105	1788492878112	OK	 
REQUEST		Spin	1788492878153	1788492878158	OK	 
REQUEST		Spin	1788492878205	1788492878209	OK	 
REQUEST		Spin	1788492879272	1788492879276	OK	 
REQUEST		Spin	1788492879306	1788492879308	OK	 
REQUEST		Spin	1788492879355	1788492879362	OK	 
REQUEST		Spin	1788492879409	1788492879417	OK	 
REQUEST		Spin	1788492879450	1788492879454	OK	 
REQUEST		Spin	1788492879501	1788492879504	OK	 
REQUEST		Spin	1788492879552	1788492879555	OK	 
REQUEST		Spin	1788492879604	1788492879614	OK	 
REQUEST		Spin	1788492879654	1788492879661	OK	 
REQUEST		Spin	1788492879708	1788492879712	OK	 
REQUEST		Spin	1788492879756	1788492879763	OK	 
REQUEST		Spin	1788492879804	1788492879810	OK	 
REQUEST		Spin	1788492879855	1788492879864	OK	 
REQUEST		Spin	1788492879908	1788492879912	OK	 
REQUEST		Spin	1788492879957	1788492879961	OK	 
REQUEST		Spin	1788492880012	1788492880015	OK	 
REQUEST		Spin	1788492880053	1788492880058	OK	 
REQUEST		Spin	1788492880105	1788492880112	OK	 
REQUEST		Spin	1788492880155	1788492880162	OK	 
REQUEST		Spin	1788492880205	1788492880209	OK	 
REQUEST		Spin	1788492881274	1788492881277	OK	 
REQUEST		Spin	1788492881308	1788492881311	OK	 
REQUEST		Spin	1788492881356	1788492881361	OK	 
REQUEST		Spin	1788492881409	1788492881416	OK	 
REQUEST		Spin	1788492881451	1788492881454	OK	 
REQUEST		Spin	1788492881503	1788492881505	OK	 
REQUEST		Spin	1788492881553	1788492881555	OK	 
REQUEST		Spin	1788492881605	1788492881610	OK	 
REQUEST		Spin	1788492881656	1788492881661	OK	 
REQUEST		Spin	1788492881709	1788492881711	OK	 
REQUEST		Spin	1788492881755	1788492881757	OK	 
REQUEST		Spin	1788492881805	1788492881807	OK	 
REQUEST		Spin	1788492881857	1788492881860	OK	 
REQUEST		Spin	1788492881908	1788492881910	OK	 
REQUEST		Spin	1788492881958	1788492881959	OK	 
REQUEST		Spin	1788492882014	1788492882015	OK	 
REQUEST		Spin	1788492882054	1788492882056	OK	 
REQUEST		Spin	1788492882106	1788492882107	OK	 
REQUEST		Spin	1788492882155	1788492882159	OK	 
REQUEST		Spin	1788492882206	1788492882211	OK	 
REQUEST		Spin	1788492883274	1788492883279	OK	 
REQUEST		Spin	1788492883308	1788492883312	OK	 
REQUEST		Spin	1788492883357	1788492883362	OK	 
REQUEST		Spin	1788492883411	1788492883416	OK	 
REQUEST		Spin	1788492883452	1788492883457	OK	 
REQUEST		Spin	1788492883503	1788492883506	OK	 
REQUEST		Spin	1788492883554	1788492883557	OK	 
REQUEST		Spin	1788492883605	1788492883612	OK	 
REQUEST		Spin	1788492883656	1788492883659	OK	 
REQUEST		Spin	1788492883710	1788492883714	OK	 
REQUEST		Spin	1788492883756	1788492883760	OK	 
REQUEST		Spin	1788492883805	1788492883812	OK	 
REQUEST		Spin	1788492883858	1788492883860	OK	 
REQUEST		Spin	1788492883909	1788492883911	OK	 
REQUEST		Spin	1788492883959	1788492883961	OK	 
REQUEST		Spin	1788492884015	1788492884017	OK	 
REQUEST		Spin	1788492884056	1788492884059	OK	 
REQUEST		Spin	1788492884106	1788492884109	OK	 
REQUEST		Spin	1788492884156	1788492884161	OK	 
REQUEST		Spin	1788492884207	1788492884214	OK	 
REQUEST		Spin	1788492885275	1788492885279	OK	 
REQUEST		Spin	1788492885309	1788492885315	OK	 
REQUEST		Spin	1788492885357	1788492885361	OK	 
REQUEST		Spin	1788492885411	1788492885416	OK	 
REQUEST		Spin	1788492885454	1788492885462	OK	 
REQUEST		Spin	1788492885504	1788492885512	OK	 
REQUEST		Spin	1788492885556	1788492885562	OK	 
REQUEST		Spin	1788492885606	1788492885614	OK	 
REQUEST		Spin	1788492885658	1788492885662	OK	 
REQUEST		Spin	1788492885711	1788492885717	OK	 
REQUEST		Spin	1788492885757	1788492885760	OK	 
REQUEST		Spin	1788492885806	1788492885809	OK	 
REQUEST		Spin	1788492885859	1788492885863	OK	 
REQUEST		Spin	1788492885909	1788492885913	OK	 
REQUEST		Spin	1788492885960	1788492885966	OK	 
REQUEST		Spin	1788492886015	1788492886020	OK	 
REQUEST		Spin	1788492886056	1788492886060	OK	 
REQUEST		Spin	1788492886106	1788492886112	OK	 
REQUEST		Spin	1788492886157	1788492886160	OK	 
REQUEST		Spin	1788492886209	1788492886212	OK	 
REQUEST		Spin	1788492887276	1788492887278	OK	 
REQUEST		Spin	1788492887310	1788492887312	OK	 
REQUEST		Spin	1788492887359	1788492887361	OK	 
REQUEST		Spin	1788492887412	1788492887415	OK	 
REQUEST		Spin	1788492887454	1788492887457	OK	 
REQUEST		Spin	1788492887505	1788492887509	OK	 
REQUEST		Spin	1788492887557	1788492887560	OK	 
REQUEST		Spin	1788492887607	1788492887610	OK	 
REQUEST		Spin	1788492887658	1788492887660	OK	 
REQUEST		Spin	1788492887712	1788492887714	OK	 
REQUEST		Spin	1788492887759	1788492887762	OK	 
REQUEST		Spin	1788492887809	1788492887821	OK	 
REQUEST		Spin	1788492887860	1788492887864	OK	 
REQUEST		Spin	1788492887911	1788492887914	OK	 
REQUEST		Spin	1788492887961	1788492887963	OK	 
REQUEST		Spin	1788492888017	1788492888019	OK	 
REQUEST		Spin	1788492888058	1788492888062	OK	 
REQUEST		Spin	1788492888107	1788492888114	OK	 
REQUEST		Spin	1788492888158	1788492888165	OK	 
REQUEST		Spin	1788492888210	1788492888214	OK	 
REQUEST		Spin	1788492889279	1788492889286	OK	 
REQUEST		Spin	1788492889310	1788492889314	OK	 
REQUEST		Spin	1788492889359	1788492889363	OK	 
REQUEST		Spin	1788492889413	1788492889416	OK	 
REQUEST		Spin	1788492889455	1788492889457	OK	 
REQUEST		Spin	1788492889507	1788492889509	OK	 
REQUEST		Spin	1788492889558	1788492889563	OK	 
REQUEST		Spin	1788492889608	1788492889613	OK	 
REQUEST		Spin	1788492889659	1788492889664	OK	 
REQUEST		Spin	1788492889713	1788492889717	OK	 
REQUEST		Spin	1788492889759	1788492889765	OK	 
REQUEST		Spin	1788492889810	1788492889821	OK	 
REQUEST		Spin	1788492889860	1788492889863	OK	 
REQUEST		Spin	1788492889912	1788492889915	OK	 
REQUEST		Spin	1788492889962	1788492889964	OK	 
REQUEST		Spin	1788492890017	1788492890018	OK	 
REQUEST		Spin	1788492890058	1788492890061	OK	 
REQUEST		Spin	1788492890109	1788492890112	OK	 
REQUEST		Spin	1788492890159	1788492890165	OK	 
REQUEST		Spin	1788492890210	1788492890214	OK	 
REQUEST		Spin	1788492891280	1788492891284	OK	 
REQUEST		Spin	1788492891311	1788492891315	OK	 
REQUEST		Spin	1788492891360	1788492891368	OK	 
REQUEST		Spin	1788492891413	1788492891420	OK	 
REQUEST		Spin	1788492891455	1788492891458	OK	 
REQUEST		Spin	1788492891509	1788492891512	OK	 
REQUEST		Spin	1788492891557	1788492891560	OK	 
REQUEST		Spin	1788492891610	1788492891614	OK	 
REQUEST		Spin	1788492891660	1788492891664	OK	 
REQUEST		Spin	1788492891714	1788492891719	OK	 
REQUEST		Spin	1788492891760	1788492891766	OK	 
REQUEST		Spin	1788492891811	1788492891816	OK	 
REQUEST		Spin	1788492891861	1788492891865	OK	 
REQUEST		Spin	1788492891913	1788492891917	OK	 
REQUEST		Spin	1788492891962	1788492891968	OK	 
REQUEST		Spin	1788492892018	1788492892025	OK	 
REQUEST		Spin	1788492892059	1788492892071	OK	 
REQUEST		Spin	1788492892110	1788492892112	OK	 
REQUEST		Spin	1788492892159	1788492892161	OK	 
REQUEST		Spin	1788492892211	1788492892212	OK	 
REQUEST		Spin	1788492893280	1788492893283	OK	 
REQUEST		Spin	1788492893313	1788492893316	OK	 
REQUEST		Spin	1788492893362	1788492893365	OK	 
REQUEST		Spin	1788492893415	1788492893424	OK	 
REQUEST		Spin	1788492893457	1788492893463	OK	 
REQUEST		Spin	1788492893510	1788492893539	OK	 
REQUEST		Spin	1788492893558	1788492893559	OK	 
REQUEST		Spin	1788492893610	1788492893612	OK	 
REQUEST		Spin	1788492893661	1788492893664	OK	 
REQUEST		Spin	1788492893715	1788492893719	OK	 
REQUEST		Spin	1788492893761	1788492893766	OK	 
REQUEST		Spin	1788492893812	1788492893822	OK	 
REQUEST		Spin	1788492893861	1788492893866	OK	 
REQUEST		Spin	1788492893915	1788492893919	OK	 
REQUEST		Spin	1788492893964	1788492893968	OK	 
REQUEST		Spin	1788492894019	1788492894023	OK	 
REQUEST		Spin	1788492894060	1788492894065	OK	 
REQUEST		Spin	1788492894111	1788492894117	OK	 
REQUEST		Spin	1788492894161	1788492894166	OK	 
REQUEST		Spin	1788492894212	1788492894216	OK	 
REQUEST		Spin	1788492895281	1788492895286	OK	 
REQUEST		Spin	1788492895314	1788492895322	OK	 
REQUEST		Spin	1788492895362	1788492895368	OK	 
REQUEST		Spin	1788492895417	1788492895422	OK	 
REQUEST		Spin	1788492895458	1788492895462	OK	 
REQUEST		Spin	1788492895512	1788492895516	OK	 
REQUEST		Spin	1788492895558	1788492895562	OK	 
REQUEST		Spin	1788492895611	1788492895614	OK	 
REQUEST		Spin	1788492895662	1788492895666	OK	 
REQUEST		Spin	1788492895716	1788492895722	OK	 
REQUEST		Spin	1788492895762	1788492895767	OK	 
REQUEST		Spin	1788492895813	1788492895816	OK	 
REQUEST		Spin	1788492895862	1788492895866	OK	 
REQUEST		Spin	1788492895916	1788492895920	OK	 
REQUEST		Spin	1788492895964	1788492895969	OK	 
REQUEST		Spin	1788492896020	1788492896023	OK	 
REQUEST		Spin	1788492896062	1788492896065	OK	 
REQUEST		Spin	1788492896112	1788492896114	OK	 
REQUEST		Spin	1788492896161	1788492896164	OK	 
REQUEST		Spin	1788492896213	1788492896216	OK	 
REQUEST		Spin	1788492897282	1788492897288	OK	 
REQUEST		Spin	1788492897316	1788492897322	OK	 
REQUEST		Spin	1788492897363	1788492897369	OK	 
REQUEST		Spin	1788492897417	1788492897419	OK	 
REQUEST		Spin	1788492897460	1788492897462	OK	 
REQUEST		Spin	1788492897514	1788492897515	OK	 
REQUEST		Spin	1788492897559	1788492897561	OK	 
REQUEST		Spin	1788492897613	1788492897615	OK	 
REQUEST		Spin	1788492897663	1788492897664	OK	 
REQUEST		Spin	1788492897716	1788492897718	OK	 
REQUEST		Spin	1788492897763	1788492897765	OK	 
REQUEST		Spin	1788492897815	1788492897818	OK	 
REQUEST		Spin	1788492897863	1788492897870	OK	 
REQUEST		Spin	1788492897917	1788492897923	OK	 
REQUEST		Spin	1788492897965	1788492897968	OK	 
REQUEST		Spin	1788492898021	1788492898026	OK	 
REQUEST		Spin	1788492898062	1788492898068	OK	 
REQUEST		Spin	1788492898113	1788492898121	OK	 
REQUEST		Spin	1788492898162	1788492898165	OK	 
REQUEST		Spin	1788492898214	1788492898218	OK	 
REQUEST		Spin	1788492899283	1788492899289	OK	 
REQUEST		Spin	1788492899317	1788492899322	OK	 
REQUEST		Spin	1788492899365	1788492899370	OK	 
REQUEST		Spin	1788492899417	1788492899422	OK	 
REQUEST		Spin	1788492899460	1788492899464	OK	 
REQUEST		Spin	1788492899514	1788492899518	OK	 
REQUEST		Spin	1788492899560	1788492899564	OK	 
REQUEST		Spin	1788492899612	1788492899616	OK	 
REQUEST		Spin	1788492899665	1788492899670	OK	 
REQUEST		Spin	1788492899717	1788492899726	OK	 
REQUEST		Spin	1788492899765	1788492899771	OK	 
REQUEST		Spin	1788492899815	1788492899823	OK	 
REQUEST		Spin	1788492899864	1788492899868	OK	 
REQUEST		Spin	1788492899917	1788492899922	OK	 
REQUEST		Spin	1788492899965	1788492899971	OK	 
REQUEST		Spin	1788492900022	1788492900025	OK	 
REQUEST		Spin	1788492900063	1788492900069	OK	 
REQUEST		Spin	1788492900114	1788492900118	OK	 
REQUEST		Spin	1788492900162	1788492900168	OK	 
REQUEST		Spin	1788492900215	1788492900218	OK	 
REQUEST		Spin	1788492901285	1788492901288	OK	 
REQUEST		Spin	1788492901318	1788492901321	OK	 
REQUEST		Spin	1788492901366	1788492901373	OK	 
REQUEST		Spin	1788492901418	1788492901422	OK	 
REQUEST		Spin	1788492901461	1788492901465	OK	 
REQUEST		Spin	1788492901515	1788492901520	OK	 
REQUEST		Spin	1788492901562	1788492901565	OK	 
REQUEST		Spin	1788492901614	1788492901618	OK	 
REQUEST		Spin	1788492901665	1788492901670	OK	 
REQUEST		Spin	1788492901718	1788492901723	OK	 
REQUEST		Spin	1788492901767	1788492901772	OK	 
REQUEST		Spin	1788492901817	1788492901823	OK	 
REQUEST		Spin	1788492901865	1788492901870	OK	 
REQUEST		Spin	1788492901917	1788492901923	OK	 
REQUEST		Spin	1788492901966	1788492901972	OK	 
REQUEST		Spin	1788492902023	1788492902029	OK	 
REQUEST		Spin	1788492902064	1788492902067	OK	 
REQUEST		Spin	1788492902115	1788492902118	OK	 
REQUEST		Spin	1788492902163	1788492902166	OK	 
REQUEST		Spin	1788492902216	1788492902220	OK	 
REQUEST		Spin	1788492903286	1788492903292	OK	 
REQUEST		Spin	1788492903319	1788492903323	OK	 
REQUEST		Spin	1788492903367	1788492903374	OK	 
REQUEST		Spin	1788492903420	1788492903423	OK	 
REQUEST		Spin	1788492903464	1788492903468	OK	 
REQUEST		Spin	1788492903516	1788492903521	OK	 
REQUEST		Spin	1788492903563	1788492903567	OK	 
REQUEST		Spin	1788492903614	1788492903622	OK	 
REQUEST		Spin	1788492903664	1788492903668	OK	 
REQUEST		Spin	1788492903719	1788492903725	OK	 
REQUEST		Spin	1788492903768	1788492903773	OK	 
REQUEST		Spin	1788492903817	1788492903820	OK	 
REQUEST		Spin	1788492903867	1788492903870	OK	 
REQUEST		Spin	1788492903918	1788492903923	OK	 
REQUEST		Spin	1788492903967	1788492903971	OK	 
REQUEST		Spin	1788492904024	1788492904026	OK	 
REQUEST		Spin	1788492904064	1788492904067	OK	 
REQUEST		Spin	1788492904117	1788492904120	OK	 
REQUEST		Spin	1788492904163	1788492904166	OK	 
REQUEST		Spin	1788492904217	1788492904221	OK	 
REQUEST		Spin	1788492905287	1788492905292	OK	 
REQUEST		Spin	1788492905320	1788492905324	OK	 
REQUEST		Spin	1788492905368	1788492905374	OK	 
REQUEST		Spin	1788492905420	1788492905424	OK	 
REQUEST		Spin	1788492905464	1788492905468	OK	 
REQUEST		Spin	1788492905517	1788492905521	OK	 
REQUEST		Spin	1788492905564	1788492905567	OK	 
REQUEST		Spin	1788492905614	1788492905620	OK	 
REQUEST		Spin	1788492905665	1788492905669	OK	 
REQUEST		Spin	1788492905720	1788492905724	OK	 
REQUEST		Spin	1788492905769	1788492905774	OK	 
REQUEST		Spin	1788492905820	1788492905831	OK	 
REQUEST		Spin	1788492905867	1788492905873	OK	 
REQUEST		Spin	1788492905920	1788492905922	OK	 
REQUEST		Spin	1788492905968	1788492905973	OK	 
REQUEST		Spin	1788492906026	1788492906029	OK	 
REQUEST		Spin	1788492906065	1788492906069	OK	 
REQUEST		Spin	1788492906118	1788492906121	OK	 
REQUEST		Spin	1788492906164	1788492906168	OK	 
REQUEST		Spin	1788492906218	1788492906222	OK	 
REQUEST		Spin	1788492907289	1788492907295	OK	 
REQUEST		Spin	1788492907319	1788492907324	OK	 
REQUEST		Spin	1788492907369	1788492907373	OK	 
REQUEST		Spin	1788492907421	1788492907424	OK	 
REQUEST		Spin	1788492907465	1788492907469	OK	 
REQUEST		Spin	1788492907518	1788492907522	OK	 
REQUEST		Spin	1788492907565	1788492907568	OK	 
REQUEST		Spin	1788492907615	1788492907619	OK	 
REQUEST		Spin	1788492907666	1788492907670	OK	 
REQUEST		Spin	1788492907721	1788492907722	OK	 
REQUEST		Spin	1788492907770	1788492907773	OK	 
REQUEST		Spin	1788492907819	1788492907821	OK	 
REQUEST		Spin	1788492907869	1788492907871	OK	 
REQUEST		Spin	1788492907919	1788492907922	OK	 
REQUEST		Spin	1788492907969	1788492907970	OK	 
REQUEST		Spin	1788492908026	1788492908027	OK	 
REQUEST		Spin	1788492908065	1788492908066	OK	 
REQUEST		Spin	1788492908118	1788492908120	OK	 
REQUEST		Spin	1788492908165	1788492908167	OK	 
REQUEST		Spin	1788492908219	1788492908223	OK	 
REQUEST		Spin	1788492909290	1788492909297	OK	 
REQUEST		Spin	1788492909321	1788492909326	OK	 
REQUEST		Spin	1788492909370	1788492909374	OK	 
REQUEST		Spin	1788492909424	1788492909430	OK	 
REQUEST		Spin	1788492909466	1788492909472	OK	 
REQUEST		Spin	1788492909520	1788492909524	OK	 
REQUEST		Spin	1788492909565	1788492909569	OK	 
REQUEST		Spin	1788492909616	1788492909621	OK	 
REQUEST		Spin	1788492909667	1788492909673	OK	 
REQUEST		Spin	1788492909722	1788492909726	OK	 
REQUEST		Spin	1788492909771	1788492909778	OK	 
REQUEST		Spin	1788492909820	1788492909825	OK	 
REQUEST		Spin	1788492909871	1788492909877	OK	 
REQUEST		Spin	1788492909920	1788492909924	OK	 
REQUEST		Spin	1788492909970	1788492909973	OK	 
REQUEST		Spin	1788492910027	1788492910033	OK	 
REQUEST		Spin	1788492910066	1788492910070	OK	 
REQUEST		Spin	1788492910119	1788492910123	OK	 
REQUEST		Spin	1788492910166	1788492910171	OK	 
REQUEST		Spin	1788492910221	1788492910226	OK	 
REQUEST		Spin	1788492911291	1788492911304	OK	 
REQUEST		Spin	1788492911321	1788492911325	OK	 
REQUEST		Spin	1788492911371	1788492911374	OK	 
REQUEST		Spin	1788492911423	1788492911428	OK	 
REQUEST		Spin	1788492911468	1788492911471	OK	 
REQUEST		Spin	1788492911521	1788492911526	OK	 
REQUEST		Spin	1788492911566	1788492911571	OK	 
REQUEST		Spin	1788492911617	1788492911622	OK	 
REQUEST		Spin	1788492911669	1788492911671	OK	 
REQUEST		Spin	1788492911723	1788492911733	OK	 
REQUEST		Spin	1788492911772	1788492911775	OK	 
REQUEST		Spin	1788492911822	1788492911827	OK	 
REQUEST		Spin	1788492911872	1788492911879	OK	 
REQUEST		Spin	1788492911921	1788492911924	OK	 
REQUEST		Spin	1788492911971	1788492911974	OK	 
REQUEST		Spin	1788492912028	1788492912031	OK	 
REQUEST		Spin	1788492912068	1788492912071	OK	 
REQUEST		Spin	1788492912120	1788492912123	OK	 
REQUEST		Spin	1788492912167	1788492912172	OK	 
REQUEST		Spin	1788492912221	1788492912225	OK	 
REQUEST		Spin	1788492913292	1788492913293	OK	 
REQUEST		Spin	1788492913323	1788492913324	OK	 
REQUEST		Spin	1788492913372	1788492913374	OK	 
REQUEST		Spin	1788492913425	1788492913426	OK	 
REQUEST		Spin	1788492913469	1788492913474	OK	 
REQUEST		Spin	1788492913522	1788492913524	OK	 
REQUEST		Spin	1788492913567	1788492913571	OK	 
REQUEST		Spin	1788492913619	1788492913621	OK	 
REQUEST		Spin	1788492913670	1788492913677	OK	 
REQUEST		Spin	1788492913724	1788492913729	OK	 
REQUEST		Spin	1788492913773	1788492913777	OK	 
REQUEST		Spin	1788492913822	1788492913826	OK	 
REQUEST		Spin	1788492913873	1788492913876	OK	 
REQUEST		Spin	1788492913923	1788492913929	OK	 
REQUEST		Spin	1788492913972	1788492913977	OK	 
REQUEST		Spin	1788492914029	1788492914032	OK	 
REQUEST		Spin	1788492914068	1788492914071	OK	 
REQUEST		Spin	1788492914121	1788492914126	OK	 
REQUEST		Spin	1788492914168	1788492914171	OK	 
REQUEST		Spin	1788492914221	1788492914227	OK	 
REQUEST		Spin	1788492915294	1788492915297	OK	 
REQUEST		Spin	1788492915323	1788492915327	OK	 
REQUEST		Spin	1788492915372	1788492915376	OK	 
REQUEST		Spin	1788492915426	1788492915429	OK	 
REQUEST		Spin	1788492915470	1788492915473	OK	 
REQUEST		Spin	1788492915522	1788492915527	OK	 
REQUEST		Spin	1788492915568	1788492915572	OK	 
REQUEST		Spin	1788492915619	1788492915628	OK	 
REQUEST		Spin	1788492915671	1788492915677	OK	 
REQUEST		Spin	1788492915726	1788492915729	OK	 
REQUEST		Spin	1788492915774	1788492915776	OK	 
REQUEST		Spin	1788492915823	1788492915828	OK	 
REQUEST		Spin	1788492915875	1788492915878	OK	 
REQUEST		Spin	1788492915924	1788492915927	OK	 
REQUEST		Spin	1788492915973	1788492915977	OK	 
REQUEST		Spin	1788492916030	1788492916034	OK	 
REQUEST		Spin	1788492916069	1788492916072	OK	 
REQUEST		Spin	1788492916121	1788492916126	OK	 
REQUEST		Spin	1788492916170	1788492916174	OK	 
REQUEST		Spin	1788492916222	1788492916228	OK	 
REQUEST		Spin	1788492917295	1788492917298	OK	 
REQUEST		Spin	1788492917324	1788492917327	OK	 
REQUEST		Spin	1788492917373	1788492917376	OK	 
REQUEST		Spin	1788492917427	1788492917431	OK	 
REQUEST		Spin	1788492917471	1788492917477	OK	 
REQUEST		Spin	1788492917523	1788492917531	OK	 
REQUEST		Spin	1788492917569	1788492917577	OK	 
REQUEST		Spin	1788492917619	1788492917624	OK	 
REQUEST		Spin	1788492917672	1788492917675	OK	 
REQUEST		Spin	1788492917726	1788492917729	OK	 
REQUEST		Spin	1788492917776	1788492917777	OK	 
REQUEST		Spin	1788492917824	1788492917829	OK	 
REQUEST		Spin	1788492917876	1788492917887	OK	 
REQUEST		Spin	1788492917925	1788492917929	OK	 
REQUEST		Spin	1788492917974	1788492917979	OK	 
REQUEST		Spin	1788492918031	1788492918035	OK	 
REQUEST		Spin	1788492918069	1788492918072	OK	 
REQUEST		Spin	1788492918122	1788492918126	OK	 
REQUEST		Spin	1788492918171	1788492918178	OK	 
REQUEST		Spin	1788492918223	1788492918228	OK	 
REQUEST		Spin	1788492919295	1788492919299	OK	 
REQUEST		Spin	1788492919325	1788492919328	OK	 
REQUEST		Spin	1788492919374	1788492919376	OK	 
REQUEST		Spin	1788492919428	1788492919431	OK	 
REQUEST		Spin	1788492919473	1788492919477	OK	 
REQUEST		Spin	1788492919524	1788492919527	OK	 
REQUEST		Spin	1788492919570	1788492919573	OK	 
REQUEST		Spin	1788492919619	1788492919625	OK	 
REQUEST		Spin	1788492919673	1788492919676	OK	 
REQUEST		Spin	1788492919727	1788492919730	OK	 
REQUEST		Spin	1788492919775	1788492919779	OK	 
REQUEST		Spin	1788492919824	1788492919828	OK	 
REQUEST		Spin	1788492919877	1788492919881	OK	 
REQUEST		Spin	1788492919926	1788492919929	OK	 
REQUEST		Spin	1788492919975	1788492919979	OK	 
REQUEST		Spin	1788492920032	1788492920035	OK	 
REQUEST		Spin	1788492920069	1788492920071	OK	 
REQUEST		Spin	1788492920123	1788492920126	OK	 
REQUEST		Spin	1788492920171	1788492920174	OK	 
REQUEST		Spin	1788492920224	1788492920228	OK	 
REQUEST		Spin	1788492921296	1788492921304	OK	 
REQUEST		Spin	1788492921326	1788492921329	OK	 
REQUEST		Spin	1788492921375	1788492921377	OK	 
REQUEST		Spin	1788492921429	1788492921438	OK	 
REQUEST		Spin	1788492921473	1788492921476	OK	 
REQUEST		Spin	1788492921525	1788492921528	OK	 
REQUEST		Spin	1788492921571	1788492921575	OK	 
REQUEST		Spin	1788492921620	1788492921624	OK	 
REQUEST		Spin	1788492921674	1788492921676	OK	 
REQUEST		Spin	1788492921728	1788492921731	OK	 
REQUEST		Spin	1788492921777	1788492921780	OK	 
REQUEST		Spin	1788492921825	1788492921828	OK	 
REQUEST		Spin	1788492921878	1788492921881	OK	 
REQUEST		Spin	1788492921928	1788492921931	OK	 
REQUEST		Spin	1788492921976	1788492921980	OK	 
REQUEST		Spin	1788492922033	1788492922036	OK	 
REQUEST		Spin	1788492922070	1788492922077	OK	 
REQUEST		Spin	1788492922123	1788492922127	OK	 
REQUEST		Spin	1788492922171	1788492922177	OK	 
REQUEST		Spin	1788492922225	1788492922227	OK	 
REQUEST		Spin	1788492923297	1788492923301	OK	 
REQUEST		Spin	1788492923327	1788492923330	OK	 
REQUEST		Spin	1788492923376	1788492923379	OK	 
REQUEST		Spin	1788492923430	1788492923434	OK	 
REQUEST		Spin	1788492923474	1788492923476	OK	 
REQUEST		Spin	1788492923525	1788492923527	OK	 
REQUEST		Spin	1788492923572	1788492923573	OK	 
REQUEST		Spin	1788492923620	1788492923621	OK	 
REQUEST		Spin	1788492923675	1788492923677	OK	 
REQUEST		Spin	1788492923729	1788492923730	OK	 
REQUEST		Spin	1788492923777	1788492923779	OK	 
REQUEST		Spin	1788492923826	1788492923827	OK	 
REQUEST		Spin	1788492923880	1788492923882	OK	 
REQUEST		Spin	1788492923928	1788492923933	OK	 
REQUEST		Spin	1788492923977	1788492923985	OK	 
REQUEST		Spin	1788492924034	1788492924037	OK	 
REQUEST		Spin	1788492924071	1788492924075	OK	 
REQUEST		Spin	1788492924124	1788492924127	OK	 
REQUEST		Spin	1788492924173	1788492924180	OK	 
REQUEST		Spin	1788492924226	1788492924228	OK	 
REQUEST		Spin	1788492925298	1788492925300	OK	 
REQUEST		Spin	1788492925328	1788492925333	OK	 
REQUEST		Spin	1788492925377	1788492925381	OK	 
REQUEST		Spin	1788492925431	1788492925434	OK	 
REQUEST		Spin	1788492925474	1788492925479	OK	 
REQUEST		Spin	1788492925526	1788492925533	OK	 
REQUEST		Spin	1788492925573	1788492925574	OK	 
REQUEST		Spin	1788492925621	1788492925622	OK	 
REQUEST		Spin	1788492925676	1788492925677	OK	 
REQUEST		Spin	1788492925729	1788492925731	OK	 
REQUEST		Spin	1788492925777	1788492925779	OK	 
REQUEST		Spin	1788492925826	1788492925828	OK	 
REQUEST		Spin	1788492925880	1788492925883	OK	 
REQUEST		Spin	1788492925930	1788492925933	OK	 
REQUEST		Spin	1788492925977	1788492925983	OK	 
REQUEST		Spin	1788492926035	1788492926038	OK	 
REQUEST		Spin	1788492926071	1788492926074	OK	 
REQUEST		Spin	1788492926126	1788492926129	OK	 
REQUEST		Spin	1788492926173	1788492926177	OK	 
REQUEST		Spin	1788492926228	1788492926231	OK	 
REQUEST		Spin	1788492927300	1788492927304	OK	 
REQUEST		Spin	1788492927329	1788492927335	OK	 
REQUEST		Spin	1788492927378	1788492927384	OK	 
REQUEST		Spin	1788492927433	1788492927437	OK	 
REQUEST		Spin	1788492927475	1788492927478	OK	 
REQUEST		Spin	1788492927527	1788492927531	OK	 
REQUEST		Spin	1788492927575	1788492927578	OK	 
REQUEST		Spin	1788492927622	1788492927629	OK	 
REQUEST		Spin	1788492927676	1788492927679	OK	 
REQUEST		Spin	1788492927730	1788492927734	OK	 
REQUEST		Spin	1788492927777	1788492927779	OK	 
REQUEST		Spin	1788492927827	1788492927829	OK	 
REQUEST		Spin	1788492927881	1788492927885	OK	 
REQUEST		Spin	1788492927930	1788492927937	OK	 
REQUEST		Spin	1788492927978	1788492927983	OK	 
REQUEST		Spin	1788492928036	1788492928039	OK	 
REQUEST		Spin	1788492928072	1788492928082	OK	 
REQUEST		Spin	1788492928126	1788492928129	OK	 
REQUEST		Spin	1788492928174	1788492928177	OK	 
REQUEST		Spin	1788492928229	1788492928233	OK	 
REQUEST		Spin	1788492929300	1788492929304	OK	 
REQUEST		Spin	1788492929330	1788492929336	OK	 
REQUEST		Spin	1788492929379	1788492929383	OK	 
REQUEST		Spin	1788492929433	1788492929437	OK	 
REQUEST		Spin	1788492929476	1788492929481	OK	 
REQUEST		Spin	1788492929528	1788492929531	OK	 
REQUEST		Spin	1788492929575	1788492929578	OK	 
REQUEST		Spin	1788492929623	1788492929626	OK	 
REQUEST		Spin	1788492929678	1788492929684	OK	 
REQUEST		Spin	1788492929731	1788492929735	OK	 
REQUEST		Spin	1788492929778	1788492929783	OK	 
REQUEST		Spin	1788492929828	1788492929833	OK	 
REQUEST		Spin	1788492929881	1788492929891	OK	 
REQUEST		Spin	1788492929931	1788492929935	OK	 
REQUEST		Spin	1788492929979	1788492929984	OK	 
REQUEST		Spin	1788492930038	1788492930043	OK	 
REQUEST		Spin	1788492930073	1788492930076	OK	 
REQUEST		Spin	1788492930127	1788492930131	OK	 
REQUEST		Spin	1788492930175	1788492930179	OK	 
REQUEST		Spin	1788492930229	1788492930238	OK	 
REQUEST		Spin	1788492931301	1788492931313	OK	 
REQUEST		Spin	1788492931331	1788492931334	OK	 
REQUEST		Spin	1788492931380	1788492931383	OK	 
REQUEST		Spin	1788492931434	1788492931438	OK	 
REQUEST		Spin	1788492931477	1788492931480	OK	 
REQUEST		Spin	1788492931529	1788492931532	OK	 
REQUEST		Spin	1788492931576	1788492931579	OK	 
REQUEST		Spin	1788492931624	1788492931628	OK	 
REQUEST		Spin	1788492931679	1788492931683	OK	 
REQUEST		Spin	1788492931732	1788492931735	OK	 
REQUEST		Spin	1788492931779	1788492931784	OK	 
REQUEST		Spin	1788492931829	1788492931832	OK	 
REQUEST		Spin	1788492931883	1788492931887	OK	 
REQUEST		Spin	1788492931932	1788492931936	OK	 
REQUEST		Spin	1788492931980	1788492931983	OK	 
REQUEST		Spin	1788492932038	1788492932042	OK	 
REQUEST		Spin	1788492932074	1788492932076	OK	 
REQUEST		Spin	1788492932127	1788492932133	OK	 
REQUEST		Spin	1788492932176	1788492932179	OK	 
REQUEST		Spin	1788492932231	1788492932241	OK	 
REQUEST		Spin	1788492933302	1788492933308	OK	 
REQUEST		Spin	1788492933332	1788492933335	OK	 
REQUEST		Spin	1788492933381	1788492933386	OK	 
REQUEST		Spin	1788492933435	1788492933443	OK	 
REQUEST		Spin	1788492933479	1788492933487	OK	 
REQUEST		Spin	1788492933530	1788492933532	OK	 
REQUEST		Spin	1788492933577	1788492933581	OK	 
REQUEST		Spin	1788492933625	1788492933628	OK	 
REQUEST		Spin	1788492933680	1788492933685	OK	 
REQUEST		Spin	1788492933733	1788492933736	OK	 
REQUEST		Spin	1788492933780	1788492933786	OK	 
REQUEST		Spin	1788492933830	1788492933834	OK	 
REQUEST		Spin	1788492933884	1788492933890	OK	 
REQUEST		Spin	1788492933933	1788492933935	OK	 
REQUEST		Spin	1788492933980	1788492933984	OK	 
REQUEST		Spin	1788492934039	1788492934042	OK	 
REQUEST		Spin	1788492934075	1788492934077	OK	 
REQUEST		Spin	1788492934128	1788492934129	OK	 
REQUEST		Spin	1788492934176	1788492934180	OK	 
REQUEST		Spin	1788492934231	1788492934234	OK	 
USER	bonanza-grpc-player-journey	END	1788492935306
USER	bonanza-grpc-player-journey	END	1788492935332
USER	bonanza-grpc-player-journey	END	1788492935383
USER	bonanza-grpc-player-journey	END	1788492935436
USER	bonanza-grpc-player-journey	END	1788492935479
USER	bonanza-grpc-player-journey	END	1788492935532
USER	bonanza-grpc-player-journey	END	1788492935578
USER	bonanza-grpc-player-journey	END	1788492935626
USER	bonanza-grpc-player-journey	END	1788492935681
USER	bonanza-grpc-player-journey	END	1788492935735
USER	bonanza-grpc-player-journey	END	1788492935781
USER	bonanza-grpc-player-journey	END	1788492935833
USER	bonanza-grpc-player-journey	END	1788492935884
USER	bonanza-grpc-player-journey	END	1788492935934
USER	bonanza-grpc-player-journey	END	1788492935981
USER	bonanza-grpc-player-journey	END	1788492936040
USER	bonanza-grpc-player-journey	END	1788492936076
USER	bonanza-grpc-player-journey	END	1788492936129
USER	bonanza-grpc-player-journey	END	1788492936176
USER	bonanza-grpc-player-journey	END	1788492936232
