ASSERTION	AAEDAAEDAQAAAAAAAEB/QA==
ASSERTION	AAECAAMBAAAAAAAAAPA/
ASSERTION	AAEEBAAAAAAAAAAAAA==
ASSERTION	AAEBAAIEAAAAAAAAAAAA
ASSERTION	AAMAAQRTcGluAwABBQAAAAAAAMBXQAEAAAAAAAAAiUA=
ASSERTION	AAMAAQRTcGluAgADAQAAAAAAAADgPw==
ASSERTION	AAMAAQRKb2luAgADAQAAAAAAAADgPw==
RUN	com.rgp.loadtest.naga777.grpc.Naga777GrpcSimulation	naga777grpcsimulation	1788492191279	 	3.9.5
USER	naga777-grpc-player-journey	START	1788492191403
REQUEST		Join	1788492191413	1788492191443	OK	 
USER	naga777-grpc-player-journey	START	1788492191453
REQUEST		Join	1788492191453	1788492191465	OK	 
REQUEST		Spin	1788492191446	1788492191467	OK	 
REQUEST		Spin	1788492191465	1788492191483	OK	 
REQUEST		Spin	1788492191469	1788492191483	OK	 
REQUEST		Spin	1788492191483	1788492191496	OK	 
USER	naga777-grpc-player-journey	START	1788492191503
REQUEST		Join	1788492191504	1788492191513	OK	 
REQUEST		Spin	1788492191513	1788492191526	OK	 
REQUEST		Spin	1788492191526	1788492191538	OK	 
USER	naga777-grpc-player-journey	START	1788492191553
REQUEST		Join	1788492191553	1788492191561	OK	 
REQUEST		Spin	1788492191561	1788492191572	OK	 
REQUEST		Spin	1788492191572	1788492191583	OK	 
USER	naga777-grpc-player-journey	START	1788492191604
REQUEST		Join	1788492191604	1788492191612	OK	 
REQUEST		Spin	1788492191612	1788492191623	OK	 
REQUEST		Spin	1788492191624	1788492191642	OK	 
USER	naga777-grpc-player-journey	START	1788492191653
REQUEST		Join	1788492191653	1788492191662	OK	 
REQUEST		Spin	1788492191663	1788492191676	OK	 
REQUEST		Spin	1788492191677	1788492191688	OK	 
USER	naga777-grpc-player-journey	START	1788492191704
REQUEST		Join	1788492191704	1788492191713	OK	 
REQUEST		Spin	1788492191713	1788492191725	OK	 
REQUEST		Spin	1788492191725	1788492191737	OK	 
USER	naga777-grpc-player-journey	START	1788492191754
REQUEST		Join	1788492191754	1788492191764	OK	 
REQUEST		Spin	1788492191764	1788492191776	OK	 
REQUEST		Spin	1788492191777	1788492191788	OK	 
USER	naga777-grpc-player-journey	START	1788492191804
REQUEST		Join	1788492191805	1788492191816	OK	 
REQUEST		Spin	1788492191817	1788492191833	OK	 
REQUEST		Spin	1788492191834	1788492191846	OK	 
USER	naga777-grpc-player-journey	START	1788492191854
REQUEST		Join	1788492191854	1788492191864	OK	 
REQUEST		Spin	1788492191864	1788492191876	OK	 
REQUEST		Spin	1788492191876	1788492191888	OK	 
USER	naga777-grpc-player-journey	START	1788492191905
REQUEST		Join	1788492191905	1788492191916	OK	 
REQUEST		Spin	1788492191917	1788492191929	OK	 
REQUEST		Spin	1788492191933	1788492191946	OK	 
USER	naga777-grpc-player-journey	START	1788492191954
REQUEST		Join	1788492191954	1788492191964	OK	 
REQUEST		Spin	1788492191964	1788492191976	OK	 
REQUEST		Spin	1788492191976	1788492191987	OK	 
USER	naga777-grpc-player-journey	START	1788492192004
REQUEST		Join	1788492192005	1788492192012	OK	 
REQUEST		Spin	1788492192013	1788492192022	OK	 
REQUEST		Spin	1788492192023	1788492192033	OK	 
USER	naga777-grpc-player-journey	START	1788492192054
REQUEST		Join	1788492192055	1788492192063	OK	 
REQUEST		Spin	1788492192063	1788492192074	OK	 
REQUEST		Spin	1788492192074	1788492192084	OK	 
USER	naga777-grpc-player-journey	START	1788492192105
REQUEST		Join	1788492192105	1788492192113	OK	 
REQUEST		Spin	1788492192113	1788492192126	OK	 
REQUEST		Spin	1788492192127	1788492192137	OK	 
USER	naga777-grpc-player-journey	START	1788492192155
REQUEST		Join	1788492192155	1788492192167	OK	 
REQUEST		Spin	1788492192167	1788492192187	OK	 
REQUEST		Spin	1788492192188	1788492192202	OK	 
USER	naga777-grpc-player-journey	START	1788492192205
REQUEST		Join	1788492192205	1788492192218	OK	 
REQUEST		Spin	1788492192218	1788492192232	OK	 
REQUEST		Spin	1788492192232	1788492192244	OK	 
USER	naga777-grpc-player-journey	START	1788492192254
REQUEST		Join	1788492192254	1788492192269	OK	 
REQUEST		Spin	1788492192270	1788492192288	OK	 
USER	naga777-grpc-player-journey	START	1788492192304
REQUEST		Join	1788492192304	1788492192323	OK	 
USER	naga777-grpc-player-journey	START	1788492192355
REQUEST		Spin	1788492192289	1788492192374	OK	 
REQUEST		Spin	1788492192323	1788492192373	OK	 
REQUEST		Join	1788492192355	1788492192384	OK	 
REQUEST		Spin	1788492192375	1788492192398	OK	 
REQUEST		Spin	1788492192384	1788492192401	OK	 
REQUEST		Spin	1788492192402	1788492192415	OK	 
REQUEST		Spin	1788492193471	1788492193499	OK	 
REQUEST		Spin	1788492193485	1788492193504	OK	 
REQUEST		Spin	1788492193528	1788492193543	OK	 
REQUEST		Spin	1788492193573	1788492193588	OK	 
REQUEST		Spin	1788492193625	1788492193639	OK	 
REQUEST		Spin	1788492193678	1788492193693	OK	 
REQUEST		Spin	1788492193726	1788492193744	OK	 
REQUEST		Spin	1788492193778	1788492193793	OK	 
REQUEST		Spin	1788492193834	1788492193850	OK	 
REQUEST		Spin	1788492193877	1788492193890	OK	 
REQUEST		Spin	1788492193934	1788492193947	OK	 
REQUEST		Spin	1788492193978	1788492193991	OK	 
REQUEST		Spin	1788492194023	1788492194037	OK	 
REQUEST		Spin	1788492194075	1788492194090	OK	 
REQUEST		Spin	1788492194127	1788492194144	OK	 
REQUEST		Spin	1788492194189	1788492194201	OK	 
REQUEST		Spin	1788492194234	1788492194247	OK	 
REQUEST		Spin	1788492194290	1788492194298	OK	 
REQUEST		Spin	1788492194375	1788492194394	OK	 
REQUEST		Spin	1788492194404	1788492194417	OK	 
REQUEST		Spin	1788492195471	1788492195501	OK	 
REQUEST		Spin	1788492195486	1788492195506	OK	 
REQUEST		Spin	1788492195529	1788492195548	OK	 
REQUEST		Spin	1788492195573	1788492195590	OK	 
REQUEST		Spin	1788492195629	1788492195653	OK	 
REQUEST		Spin	1788492195679	1788492195693	OK	 
REQUEST		Spin	1788492195727	1788492195740	OK	 
REQUEST		Spin	1788492195782	1788492195798	OK	 
REQUEST		Spin	1788492195835	1788492195848	OK	 
REQUEST		Spin	1788492195878	1788492195897	OK	 
REQUEST		Spin	1788492195934	1788492195950	OK	 
REQUEST		Spin	1788492195979	1788492195994	OK	 
REQUEST		Spin	1788492196025	1788492196040	OK	 
REQUEST		Spin	1788492196076	1788492196092	OK	 
REQUEST		Spin	1788492196129	1788492196147	OK	 
REQUEST		Spin	1788492196190	1788492196208	OK	 
REQUEST		Spin	1788492196235	1788492196250	OK	 
REQUEST		Spin	1788492196292	1788492196296	OK	 
REQUEST		Spin	1788492196376	1788492196393	OK	 
REQUEST		Spin	1788492196403	1788492196418	OK	 
REQUEST		Spin	1788492197473	1788492197498	OK	 
REQUEST		Spin	1788492197486	1788492197508	OK	 
REQUEST		Spin	1788492197530	1788492197545	OK	 
REQUEST		Spin	1788492197575	1788492197592	OK	 
REQUEST		Spin	1788492197629	1788492197643	OK	 
REQUEST		Spin	1788492197680	1788492197696	OK	 
REQUEST		Spin	1788492197728	1788492197741	OK	 
REQUEST		Spin	1788492197780	1788492197796	OK	 
REQUEST		Spin	1788492197836	1788492197849	OK	 
REQUEST		Spin	1788492197880	1788492197897	OK	 
REQUEST		Spin	1788492197936	1788492197949	OK	 
REQUEST		Spin	1788492197980	1788492197994	OK	 
REQUEST		Spin	1788492198025	1788492198040	OK	 
REQUEST		Spin	1788492198079	1788492198093	OK	 
REQUEST		Spin	1788492198130	1788492198145	OK	 
REQUEST		Spin	1788492198192	1788492198206	OK	 
REQUEST		Spin	1788492198235	1788492198250	OK	 
REQUEST		Spin	1788492198292	1788492198297	OK	 
REQUEST		Spin	1788492198377	1788492198395	OK	 
REQUEST		Spin	1788492198405	1788492198419	OK	 
REQUEST		Spin	1788492199474	1788492199498	OK	 
REQUEST		Spin	1788492199487	1788492199503	OK	 
REQUEST		Spin	1788492199532	1788492199545	OK	 
REQUEST		Spin	1788492199576	1788492199592	OK	 
REQUEST		Spin	1788492199630	1788492199645	OK	 
REQUEST		Spin	1788492199680	1788492199692	OK	 
REQUEST		Spin	1788492199729	1788492199741	OK	 
REQUEST		Spin	1788492199781	1788492199793	OK	 
REQUEST		Spin	1788492199837	1788492199850	OK	 
REQUEST		Spin	1788492199879	1788492199891	OK	 
REQUEST		Spin	1788492199937	1788492199950	OK	 
REQUEST		Spin	1788492199981	1788492199995	OK	 
REQUEST		Spin	1788492200026	1788492200041	OK	 
REQUEST		Spin	1788492200078	1788492200092	OK	 
REQUEST		Spin	1788492200132	1788492200146	OK	 
REQUEST		Spin	1788492200192	1788492200208	OK	 
REQUEST		Spin	1788492200237	1788492200254	OK	 
REQUEST		Spin	1788492200293	1788492200298	OK	 
REQUEST		Spin	1788492200379	1788492200406	OK	 
REQUEST		Spin	1788492200407	1788492200423	OK	 
REQUEST		Spin	1788492201489	1788492201510	OK	 
REQUEST		Spin	1788492201534	1788492201550	OK	 
REQUEST		Spin	1788492201475	1788492201562	OK	 
REQUEST		Spin	1788492201577	1788492201591	OK	 
REQUEST		Spin	1788492201632	1788492201651	OK	 
REQUEST		Spin	1788492201681	1788492201694	OK	 
REQUEST		Spin	1788492201730	1788492201743	OK	 
REQUEST		Spin	1788492201782	1788492201795	OK	 
REQUEST		Spin	1788492201838	1788492201852	OK	 
REQUEST		Spin	1788492201880	1788492201892	OK	 
REQUEST		Spin	1788492201938	1788492201951	OK	 
REQUEST		Spin	1788492201981	1788492201995	OK	 
REQUEST		Spin	1788492202026	1788492202037	OK	 
REQUEST		Spin	1788492202080	1788492202093	OK	 
REQUEST		Spin	1788492202132	1788492202146	OK	 
REQUEST		Spin	1788492202194	1788492202208	OK	 
REQUEST		Spin	1788492202238	1788492202250	OK	 
REQUEST		Spin	1788492202295	1788492202300	OK	 
REQUEST		Spin	1788492202380	1788492202399	OK	 
REQUEST		Spin	1788492202406	1788492202420	OK	 
REQUEST		Spin	1788492203475	1788492203483	OK	 
REQUEST		Spin	1788492203489	1788492203509	OK	 
REQUEST		Spin	1788492203534	1788492203548	OK	 
REQUEST		Spin	1788492203578	1788492203591	OK	 
REQUEST		Spin	1788492203632	1788492203648	OK	 
REQUEST		Spin	1788492203682	1788492203696	OK	 
REQUEST		Spin	1788492203732	1788492203746	OK	 
REQUEST		Spin	1788492203783	1788492203798	OK	 
REQUEST		Spin	1788492203838	1788492203857	OK	 
REQUEST		Spin	1788492203881	1788492203894	OK	 
REQUEST		Spin	1788492203940	1788492203956	OK	 
REQUEST		Spin	1788492203982	1788492203998	OK	 
REQUEST		Spin	1788492204027	1788492204042	OK	 
REQUEST		Spin	1788492204082	1788492204096	OK	 
REQUEST		Spin	1788492204133	1788492204148	OK	 
REQUEST		Spin	1788492204195	1788492204217	OK	 
REQUEST		Spin	1788492204239	1788492204256	OK	 
REQUEST		Spin	1788492204296	1788492204302	OK	 
REQUEST		Spin	1788492204381	1788492204401	OK	 
REQUEST		Spin	1788492204407	1788492204424	OK	 
REQUEST		Spin	1788492205476	1788492205487	OK	 
REQUEST		Spin	1788492205490	1788492205521	OK	 
REQUEST		Spin	1788492205535	1788492205557	OK	 
REQUEST		Spin	1788492205579	1788492205594	OK	 
REQUEST		Spin	1788492205634	1788492205650	OK	 
REQUEST		Spin	1788492205683	1788492205693	OK	 
REQUEST		Spin	1788492205734	1788492205747	OK	 
REQUEST		Spin	1788492205784	1788492205799	OK	 
REQUEST		Spin	1788492205839	1788492205851	OK	 
REQUEST		Spin	1788492205882	1788492205895	OK	 
REQUEST		Spin	1788492205940	1788492205953	OK	 
REQUEST		Spin	1788492205984	1788492205999	OK	 
REQUEST		Spin	1788492206028	1788492206045	OK	 
REQUEST		Spin	1788492206083	1788492206095	OK	 
REQUEST		Spin	1788492206135	1788492206144	OK	 
REQUEST		Spin	1788492206196	1788492206206	OK	 
REQUEST		Spin	1788492206239	1788492206251	OK	 
REQUEST		Spin	1788492206296	1788492206300	OK	 
REQUEST		Spin	1788492206381	1788492206393	OK	 
REQUEST		Spin	1788492206408	1788492206418	OK	 
REQUEST		Spin	1788492207479	1788492207488	OK	 
REQUEST		Spin	1788492207492	1788492207510	OK	 
REQUEST		Spin	1788492207536	1788492207548	OK	 
REQUEST		Spin	1788492207582	1788492207596	OK	 
REQUEST		Spin	1788492207634	1788492207644	OK	 
REQUEST		Spin	1788492207684	1788492207694	OK	 
REQUEST		Spin	1788492207734	1788492207746	OK	 
REQUEST		Spin	1788492207785	1788492207798	OK	 
REQUEST		Spin	1788492207841	1788492207857	OK	 
REQUEST		Spin	1788492207884	1788492207899	OK	 
REQUEST		Spin	1788492207941	1788492207954	OK	 
REQUEST		Spin	1788492207985	1788492207998	OK	 
REQUEST		Spin	1788492208030	1788492208047	OK	 
REQUEST		Spin	1788492208085	1788492208097	OK	 
REQUEST		Spin	1788492208136	1788492208148	OK	 
REQUEST		Spin	1788492208197	1788492208208	OK	 
REQUEST		Spin	1788492208241	1788492208257	OK	 
REQUEST		Spin	1788492208297	1788492208301	OK	 
REQUEST		Spin	1788492208383	1788492208401	OK	 
REQUEST		Spin	1788492208408	1788492208422	OK	 
REQUEST		Spin	1788492209479	1788492209487	OK	 
REQUEST		Spin	1788492209493	1788492209513	OK	 
REQUEST		Spin	1788492209538	1788492209556	OK	 
REQUEST		Spin	1788492209582	1788492209604	OK	 
REQUEST		Spin	1788492209636	1788492209647	OK	 
REQUEST		Spin	1788492209686	1788492209697	OK	 
REQUEST		Spin	1788492209735	1788492209748	OK	 
REQUEST		Spin	1788492209787	1788492209801	OK	 
REQUEST		Spin	1788492209848	1788492209867	OK	 
REQUEST		Spin	1788492209884	1788492209898	OK	 
REQUEST		Spin	1788492209941	1788492209954	OK	 
REQUEST		Spin	1788492209987	1788492210000	OK	 
REQUEST		Spin	1788492210034	1788492210048	OK	 
REQUEST		Spin	1788492210085	1788492210099	OK	 
REQUEST		Spin	1788492210138	1788492210152	OK	 
REQUEST		Spin	1788492210198	1788492210214	OK	 
REQUEST		Spin	1788492210242	1788492210259	OK	 
REQUEST		Spin	1788492210297	1788492210302	OK	 
REQUEST		Spin	1788492210384	1788492210406	OK	 
REQUEST		Spin	1788492210409	1788492210424	OK	 
REQUEST		Spin	1788492211480	1788492211490	OK	 
REQUEST		Spin	1788492211494	1788492211521	OK	 
REQUEST		Spin	1788492211539	1788492211555	OK	 
REQUEST		Spin	1788492211584	1788492211594	OK	 
REQUEST		Spin	1788492211636	1788492211648	OK	 
REQUEST		Spin	1788492211686	1788492211698	OK	 
REQUEST		Spin	1788492211737	1788492211749	OK	 
REQUEST		Spin	1788492211789	1788492211803	OK	 
REQUEST		Spin	1788492211849	1788492211864	OK	 
REQUEST		Spin	1788492211885	1788492211901	OK	 
REQUEST		Spin	1788492211942	1788492211956	OK	 
REQUEST		Spin	1788492211988	1788492212007	OK	 
REQUEST		Spin	1788492212034	1788492212050	OK	 
REQUEST		Spin	1788492212086	1788492212100	OK	 
REQUEST		Spin	1788492212141	1788492212154	OK	 
REQUEST		Spin	1788492212199	1788492212213	OK	 
REQUEST		Spin	1788492212242	1788492212256	OK	 
REQUEST		Spin	1788492212297	1788492212301	OK	 
REQUEST		Spin	1788492212386	1788492212406	OK	 
REQUEST		Spin	1788492212410	1788492212434	OK	 
REQUEST		Spin	1788492213481	1788492213485	OK	 
REQUEST		Spin	1788492213495	1788492213507	OK	 
REQUEST		Spin	1788492213541	1788492213555	OK	 
REQUEST		Spin	1788492213585	1788492213600	OK	 
REQUEST		Spin	1788492213636	1788492213650	OK	 
REQUEST		Spin	1788492213687	1788492213702	OK	 
REQUEST		Spin	1788492213737	1788492213754	OK	 
REQUEST		Spin	1788492213789	1788492213803	OK	 
REQUEST		Spin	1788492213850	1788492213864	OK	 
REQUEST		Spin	1788492213886	1788492213905	OK	 
REQUEST		Spin	1788492213943	1788492213964	OK	 
REQUEST		Spin	1788492213988	1788492214017	OK	 
REQUEST		Spin	1788492214035	1788492214050	OK	 
REQUEST		Spin	1788492214089	1788492214103	OK	 
REQUEST		Spin	1788492214141	1788492214155	OK	 
REQUEST		Spin	1788492214200	1788492214217	OK	 
REQUEST		Spin	1788492214243	1788492214257	OK	 
REQUEST		Spin	1788492214297	1788492214301	OK	 
REQUEST		Spin	1788492214386	1788492214405	OK	 
REQUEST		Spin	1788492214412	1788492214427	OK	 
REQUEST		Spin	1788492215482	1788492215492	OK	 
REQUEST		Spin	1788492215495	1788492215519	OK	 
REQUEST		Spin	1788492215541	1788492215557	OK	 
REQUEST		Spin	1788492215587	1788492215601	OK	 
REQUEST		Spin	1788492215638	1788492215651	OK	 
REQUEST		Spin	1788492215689	1788492215701	OK	 
REQUEST		Spin	1788492215737	1788492215751	OK	 
REQUEST		Spin	1788492215791	1788492215808	OK	 
REQUEST		Spin	1788492215850	1788492215862	OK	 
REQUEST		Spin	1788492215888	1788492215898	OK	 
REQUEST		Spin	1788492215944	1788492215955	OK	 
REQUEST		Spin	1788492215989	1788492216000	OK	 
REQUEST		Spin	1788492216036	1788492216056	OK	 
REQUEST		Spin	1788492216090	1788492216102	OK	 
REQUEST		Spin	1788492216141	1788492216154	OK	 
REQUEST		Spin	1788492216202	1788492216216	OK	 
REQUEST		Spin	1788492216244	1788492216260	OK	 
REQUEST		Spin	1788492216298	1788492216303	OK	 
REQUEST		Spin	1788492216391	1788492216413	OK	 
REQUEST		Spin	1788492216412	1788492216429	OK	 
REQUEST		Spin	1788492217484	1788492217490	OK	 
REQUEST		Spin	1788492217495	1788492217508	OK	 
REQUEST		Spin	1788492217542	1788492217553	OK	 
REQUEST		Spin	1788492217587	1788492217600	OK	 
REQUEST		Spin	1788492217639	1788492217651	OK	 
REQUEST		Spin	1788492217691	1788492217706	OK	 
REQUEST		Spin	1788492217738	1788492217756	OK	 
REQUEST		Spin	1788492217792	1788492217811	OK	 
REQUEST		Spin	1788492217851	1788492217868	OK	 
REQUEST		Spin	1788492217887	1788492217900	OK	 
REQUEST		Spin	1788492217945	1788492217958	OK	 
REQUEST		Spin	1788492217990	1788492218004	OK	 
REQUEST		Spin	1788492218038	1788492218050	OK	 
REQUEST		Spin	1788492218092	1788492218105	OK	 
REQUEST		Spin	1788492218143	1788492218157	OK	 
REQUEST		Spin	1788492218202	1788492218216	OK	 
REQUEST		Spin	1788492218245	1788492218259	OK	 
REQUEST		Spin	1788492218299	1788492218303	OK	 
REQUEST		Spin	1788492218392	1788492218405	OK	 
REQUEST		Spin	1788492218414	1788492218427	OK	 
REQUEST		Spin	1788492219484	1788492219492	OK	 
REQUEST		Spin	1788492219496	1788492219517	OK	 
REQUEST		Spin	1788492219543	1788492219558	OK	 
REQUEST		Spin	1788492219586	1788492219601	OK	 
REQUEST		Spin	1788492219640	1788492219749	OK	 
REQUEST		Spin	1788492219692	1788492219770	OK	 
REQUEST		Spin	1788492219740	1788492219774	OK	 
REQUEST		Spin	1788492219793	1788492219806	OK	 
REQUEST		Spin	1788492219851	1788492219863	OK	 
REQUEST		Spin	1788492219888	1788492219898	OK	 
REQUEST		Spin	1788492219945	1788492219957	OK	 
REQUEST		Spin	1788492219991	1788492220002	OK	 
REQUEST		Spin	1788492220046	1788492220059	OK	 
REQUEST		Spin	1788492220093	1788492220104	OK	 
REQUEST		Spin	1788492220145	1788492220162	OK	 
REQUEST		Spin	1788492220202	1788492220214	OK	 
REQUEST		Spin	1788492220246	1788492220260	OK	 
REQUEST		Spin	1788492220300	1788492220304	OK	 
REQUEST		Spin	1788492220392	1788492220411	OK	 
REQUEST		Spin	1788492220415	1788492220428	OK	 
REQUEST		Spin	1788492221485	1788492221495	OK	 
REQUEST		Spin	1788492221497	1788492221514	OK	 
REQUEST		Spin	1788492221544	1788492221561	OK	 
REQUEST		Spin	1788492221588	1788492221600	OK	 
REQUEST		Spin	1788492221642	1788492221654	OK	 
REQUEST		Spin	1788492221692	1788492221701	OK	 
REQUEST		Spin	1788492221741	1788492221751	OK	 
REQUEST		Spin	1788492221794	1788492221808	OK	 
REQUEST		Spin	1788492221852	1788492221868	OK	 
REQUEST		Spin	1788492221888	1788492221904	OK	 
REQUEST		Spin	1788492221946	1788492221958	OK	 
REQUEST		Spin	1788492221992	1788492222004	OK	 
REQUEST		Spin	1788492222044	1788492222055	OK	 
REQUEST		Spin	1788492222095	1788492222106	OK	 
REQUEST		Spin	1788492222144	1788492222158	OK	 
REQUEST		Spin	1788492222203	1788492222216	OK	 
REQUEST		Spin	1788492222248	1788492222261	OK	 
REQUEST		Spin	1788492222301	1788492222305	OK	 
REQUEST		Spin	1788492222393	1788492222417	OK	 
REQUEST		Spin	1788492222415	1788492222432	OK	 
REQUEST		Spin	1788492223488	1788492223500	OK	 
REQUEST		Spin	1788492223500	1788492223517	OK	 
REQUEST		Spin	1788492223545	1788492223562	OK	 
REQUEST		Spin	1788492223588	1788492223601	OK	 
REQUEST		Spin	1788492223643	1788492223655	OK	 
REQUEST		Spin	1788492223693	1788492223703	OK	 
REQUEST		Spin	1788492223742	1788492223752	OK	 
REQUEST		Spin	1788492223795	1788492223806	OK	 
REQUEST		Spin	1788492223853	1788492223863	OK	 
REQUEST		Spin	1788492223889	1788492223900	OK	 
REQUEST		Spin	1788492223946	1788492223957	OK	 
REQUEST		Spin	1788492223994	1788492224008	OK	 
REQUEST		Spin	1788492224045	1788492224058	OK	 
REQUEST		Spin	1788492224096	1788492224107	OK	 
REQUEST		Spin	1788492224145	1788492224160	OK	 
REQUEST		Spin	1788492224204	1788492224218	OK	 
REQUEST		Spin	1788492224248	1788492224260	OK	 
REQUEST		Spin	1788492224302	1788492224306	OK	 
REQUEST		Spin	1788492224394	1788492224407	OK	 
REQUEST		Spin	1788492224416	1788492224428	OK	 
REQUEST		Spin	1788492225488	1788492225496	OK	 
REQUEST		Spin	1788492225501	1788492225522	OK	 
REQUEST		Spin	1788492225546	1788492225563	OK	 
REQUEST		Spin	1788492225592	1788492225611	OK	 
REQUEST		Spin	1788492225644	1788492225658	OK	 
REQUEST		Spin	1788492225694	1788492225707	OK	 
REQUEST		Spin	1788492225743	1788492225755	OK	 
REQUEST		Spin	1788492225797	1788492225815	OK	 
REQUEST		Spin	1788492225854	1788492225869	OK	 
REQUEST		Spin	1788492225891	1788492225901	OK	 
REQUEST		Spin	1788492225946	1788492225958	OK	 
REQUEST		Spin	1788492225994	1788492226007	OK	 
REQUEST		Spin	1788492226046	1788492226060	OK	 
REQUEST		Spin	1788492226096	1788492226110	OK	 
REQUEST		Spin	1788492226146	1788492226160	OK	 
REQUEST		Spin	1788492226205	1788492226224	OK	 
REQUEST		Spin	1788492226250	1788492226263	OK	 
REQUEST		Spin	1788492226303	1788492226307	OK	 
REQUEST		Spin	1788492226395	1788492226412	OK	 
REQUEST		Spin	1788492226417	1788492226433	OK	 
REQUEST		Spin	1788492227490	1788492227495	OK	 
REQUEST		Spin	1788492227502	1788492227521	OK	 
REQUEST		Spin	1788492227548	1788492227558	OK	 
REQUEST		Spin	1788492227592	1788492227605	OK	 
REQUEST		Spin	1788492227645	1788492227657	OK	 
REQUEST		Spin	1788492227695	1788492227715	OK	 
REQUEST		Spin	1788492227744	1788492227755	OK	 
REQUEST		Spin	1788492227797	1788492227808	OK	 
REQUEST		Spin	1788492227856	1788492227870	OK	 
REQUEST		Spin	1788492227891	1788492227903	OK	 
REQUEST		Spin	1788492227947	1788492227961	OK	 
REQUEST		Spin	1788492227995	1788492228006	OK	 
REQUEST		Spin	1788492228046	1788492228058	OK	 
REQUEST		Spin	1788492228097	1788492228109	OK	 
REQUEST		Spin	1788492228147	1788492228162	OK	 
REQUEST		Spin	1788492228206	1788492228224	OK	 
REQUEST		Spin	1788492228251	1788492228264	OK	 
REQUEST		Spin	1788492228304	1788492228307	OK	 
REQUEST		Spin	1788492228397	1788492228416	OK	 
REQUEST		Spin	1788492228418	1788492228434	OK	 
REQUEST		Spin	1788492229491	1788492229498	OK	 
REQUEST		Spin	1788492229503	1788492229531	OK	 
REQUEST		Spin	1788492229549	1788492229566	OK	 
REQUEST		Spin	1788492229593	1788492229612	OK	 
REQUEST		Spin	1788492229645	1788492229656	OK	 
REQUEST		Spin	1788492229696	1788492229708	OK	 
REQUEST		Spin	1788492229745	1788492229759	OK	 
REQUEST		Spin	1788492229799	1788492229817	OK	 
REQUEST		Spin	1788492229858	1788492229872	OK	 
REQUEST		Spin	1788492229893	1788492229906	OK	 
REQUEST		Spin	1788492229948	1788492229965	OK	 
REQUEST		Spin	1788492229997	1788492230011	OK	 
REQUEST		Spin	1788492230047	1788492230060	OK	 
REQUEST		Spin	1788492230097	1788492230109	OK	 
REQUEST		Spin	1788492230148	1788492230159	OK	 
REQUEST		Spin	1788492230208	1788492230223	OK	 
REQUEST		Spin	1788492230252	1788492230265	OK	 
REQUEST		Spin	1788492230305	1788492230310	OK	 
REQUEST		Spin	1788492230398	1788492230411	OK	 
REQUEST		Spin	1788492230419	1788492230433	OK	 
REQUEST		Spin	1788492231493	1788492231502	OK	 
REQUEST		Spin	1788492231504	1788492231528	OK	 
REQUEST		Spin	1788492231551	1788492231569	OK	 
REQUEST		Spin	1788492231595	1788492231608	OK	 
REQUEST		Spin	1788492231646	1788492231660	OK	 
REQUEST		Spin	1788492231698	1788492231711	OK	 
REQUEST		Spin	1788492231745	1788492231761	OK	 
REQUEST		Spin	1788492231806	1788492231820	OK	 
REQUEST		Spin	1788492231858	1788492231874	OK	 
REQUEST		Spin	1788492231895	1788492231909	OK	 
REQUEST		Spin	1788492231949	1788492231963	OK	 
REQUEST		Spin	1788492231999	1788492232013	OK	 
REQUEST		Spin	1788492232048	1788492232061	OK	 
REQUEST		Spin	1788492232098	1788492232109	OK	 
REQUEST		Spin	1788492232150	1788492232207	OK	 
REQUEST		Spin	1788492232208	1788492232225	OK	 
REQUEST		Spin	1788492232253	1788492232270	OK	 
REQUEST		Spin	1788492232312	1788492232325	OK	 
REQUEST		Spin	1788492232400	1788492232416	OK	 
REQUEST		Spin	1788492232426	1788492232441	OK	 
REQUEST		Spin	1788492233494	1788492233507	OK	 
REQUEST		Spin	1788492233505	1788492233522	OK	 
REQUEST		Spin	1788492233551	1788492233564	OK	 
REQUEST		Spin	1788492233594	1788492233609	OK	 
REQUEST		Spin	1788492233648	1788492233663	OK	 
REQUEST		Spin	1788492233698	1788492233714	OK	 
REQUEST		Spin	1788492233747	1788492233765	OK	 
REQUEST		Spin	1788492233805	1788492233825	OK	 
REQUEST		Spin	1788492233859	1788492233872	OK	 
REQUEST		Spin	1788492233894	1788492233910	OK	 
REQUEST		Spin	1788492233951	1788492233967	OK	 
REQUEST		Spin	1788492234000	1788492234020	OK	 
REQUEST		Spin	1788492234049	1788492234069	OK	 
REQUEST		Spin	1788492234099	1788492234126	OK	 
REQUEST		Spin	1788492234151	1788492234163	OK	 
REQUEST		Spin	1788492234209	1788492234224	OK	 
REQUEST		Spin	1788492234254	1788492234273	OK	 
REQUEST		Spin	1788492234312	1788492234320	OK	 
REQUEST		Spin	1788492234401	1788492234414	OK	 
REQUEST		Spin	1788492234429	1788492234439	OK	 
REQUEST		Spin	1788492235495	1788492235507	OK	 
REQUEST		Spin	1788492235507	1788492235522	OK	 
REQUEST		Spin	1788492235553	1788492235569	OK	 
REQUEST		Spin	1788492235595	1788492235607	OK	 
REQUEST		Spin	1788492235655	1788492235670	OK	 
REQUEST		Spin	1788492235699	1788492235709	OK	 
REQUEST		Spin	1788492235747	1788492235756	OK	 
REQUEST		Spin	1788492235807	1788492235823	OK	 
REQUEST		Spin	1788492235860	1788492235871	OK	 
REQUEST		Spin	1788492235895	1788492235906	OK	 
REQUEST		Spin	1788492235952	1788492235961	OK	 
REQUEST		Spin	1788492236001	1788492236010	OK	 
REQUEST		Spin	1788492236051	1788492236065	OK	 
REQUEST		Spin	1788492236103	1788492236113	OK	 
REQUEST		Spin	1788492236153	1788492236164	OK	 
REQUEST		Spin	1788492236209	1788492236220	OK	 
REQUEST		Spin	1788492236255	1788492236269	OK	 
REQUEST		Spin	1788492236312	1788492236315	OK	 
REQUEST		Spin	1788492236404	1788492236424	OK	 
REQUEST		Spin	1788492236429	1788492236442	OK	 
REQUEST		Spin	1788492237494	1788492237499	OK	 
REQUEST		Spin	1788492237508	1788492237518	OK	 
REQUEST		Spin	1788492237554	1788492237565	OK	 
REQUEST		Spin	1788492237596	1788492237605	OK	 
REQUEST		Spin	1788492237650	1788492237666	OK	 
REQUEST		Spin	1788492237701	1788492237712	OK	 
REQUEST		Spin	1788492237748	1788492237757	OK	 
REQUEST		Spin	1788492237807	1788492237818	OK	 
REQUEST		Spin	1788492237862	1788492237871	OK	 
REQUEST		Spin	1788492237895	1788492237906	OK	 
REQUEST		Spin	1788492237953	1788492237973	OK	 
REQUEST		Spin	1788492238003	1788492238016	OK	 
REQUEST		Spin	1788492238050	1788492238063	OK	 
REQUEST		Spin	1788492238101	1788492238112	OK	 
REQUEST		Spin	1788492238153	1788492238164	OK	 
REQUEST		Spin	1788492238211	1788492238224	OK	 
REQUEST		Spin	1788492238256	1788492238265	OK	 
REQUEST		Spin	1788492238312	1788492238317	OK	 
REQUEST		Spin	1788492238405	1788492238422	OK	 
REQUEST		Spin	1788492238430	1788492238441	OK	 
REQUEST		Spin	1788492239495	1788492239499	OK	 
REQUEST		Spin	1788492239508	1788492239522	OK	 
REQUEST		Spin	1788492239555	1788492239569	OK	 
REQUEST		Spin	1788492239597	1788492239620	OK	 
REQUEST		Spin	1788492239653	1788492239673	OK	 
REQUEST		Spin	1788492239702	1788492239712	OK	 
REQUEST		Spin	1788492239749	1788492239759	OK	 
REQUEST		Spin	1788492239808	1788492239825	OK	 
REQUEST		Spin	1788492239862	1788492239872	OK	 
REQUEST		Spin	1788492239896	1788492239906	OK	 
REQUEST		Spin	1788492239955	1788492239966	OK	 
REQUEST		Spin	1788492240006	1788492240020	OK	 
REQUEST		Spin	1788492240051	1788492240077	OK	 
REQUEST		Spin	1788492240102	1788492240114	OK	 
REQUEST		Spin	1788492240154	1788492240180	OK	 
REQUEST		Spin	1788492240212	1788492240242	OK	 
REQUEST		Spin	1788492240256	1788492240267	OK	 
REQUEST		Spin	1788492240313	1788492240322	OK	 
REQUEST		Spin	1788492240406	1788492240430	OK	 
REQUEST		Spin	1788492240431	1788492240446	OK	 
REQUEST		Spin	1788492241497	1788492241507	OK	 
REQUEST		Spin	1788492241509	1788492241525	OK	 
REQUEST		Spin	1788492241555	1788492241569	OK	 
REQUEST		Spin	1788492241597	1788492241612	OK	 
REQUEST		Spin	1788492241652	1788492241670	OK	 
REQUEST		Spin	1788492241703	1788492241723	OK	 
REQUEST		Spin	1788492241753	1788492241771	OK	 
REQUEST		Spin	1788492241814	1788492241828	OK	 
REQUEST		Spin	1788492241863	1788492241874	OK	 
REQUEST		Spin	1788492241897	1788492241907	OK	 
REQUEST		Spin	1788492241956	1788492241970	OK	 
REQUEST		Spin	1788492242006	1788492242020	OK	 
REQUEST		Spin	1788492242052	1788492242072	OK	 
REQUEST		Spin	1788492242103	1788492242123	OK	 
REQUEST		Spin	1788492242154	1788492242182	OK	 
REQUEST		Spin	1788492242213	1788492242238	OK	 
REQUEST		Spin	1788492242256	1788492242269	OK	 
REQUEST		Spin	1788492242314	1788492242319	OK	 
REQUEST		Spin	1788492242407	1788492242421	OK	 
REQUEST		Spin	1788492242432	1788492242445	OK	 
REQUEST		Spin	1788492243498	1788492243507	OK	 
REQUEST		Spin	1788492243509	1788492243522	OK	 
REQUEST		Spin	1788492243556	1788492243569	OK	 
REQUEST		Spin	1788492243599	1788492243610	OK	 
REQUEST		Spin	1788492243654	1788492243666	OK	 
REQUEST		Spin	1788492243703	1788492243716	OK	 
REQUEST		Spin	1788492243754	1788492243770	OK	 
REQUEST		Spin	1788492243811	1788492243827	OK	 
REQUEST		Spin	1788492243863	1788492243876	OK	 
REQUEST		Spin	1788492243898	1788492243912	OK	 
REQUEST		Spin	1788492243957	1788492243971	OK	 
REQUEST		Spin	1788492244007	1788492244018	OK	 
REQUEST		Spin	1788492244053	1788492244062	OK	 
REQUEST		Spin	1788492244103	1788492244132	OK	 
REQUEST		Spin	1788492244155	1788492244165	OK	 
REQUEST		Spin	1788492244214	1788492244226	OK	 
REQUEST		Spin	1788492244257	1788492244270	OK	 
REQUEST		Spin	1788492244315	1788492244319	OK	 
REQUEST		Spin	1788492244408	1788492244428	OK	 
REQUEST		Spin	1788492244433	1788492244446	OK	 
REQUEST		Spin	1788492245499	1788492245513	OK	 
REQUEST		Spin	1788492245511	1788492245529	OK	 
REQUEST		Spin	1788492245558	1788492245578	OK	 
REQUEST		Spin	1788492245601	1788492245635	OK	 
REQUEST		Spin	1788492245654	1788492245672	OK	 
REQUEST		Spin	1788492245705	1788492245720	OK	 
REQUEST		Spin	1788492245754	1788492245767	OK	 
REQUEST		Spin	1788492245813	1788492245825	OK	 
REQUEST		Spin	1788492245864	1788492245874	OK	 
REQUEST		Spin	1788492245899	1788492245911	OK	 
REQUEST		Spin	1788492245958	1788492245967	OK	 
REQUEST		Spin	1788492246008	1788492246017	OK	 
REQUEST		Spin	1788492246054	1788492246064	OK	 
REQUEST		Spin	1788492246104	1788492246113	OK	 
REQUEST		Spin	1788492246156	1788492246176	OK	 
REQUEST		Spin	1788492246214	1788492246228	OK	 
REQUEST		Spin	1788492246258	1788492246271	OK	 
REQUEST		Spin	1788492246319	1788492246324	OK	 
REQUEST		Spin	1788492246410	1788492246432	OK	 
REQUEST		Spin	1788492246435	1788492246444	OK	 
REQUEST		Spin	1788492247501	1788492247509	OK	 
REQUEST		Spin	1788492247513	1788492247533	OK	 
REQUEST		Spin	1788492247559	1788492247570	OK	 
REQUEST		Spin	1788492247602	1788492247615	OK	 
REQUEST		Spin	1788492247656	1788492247667	OK	 
REQUEST		Spin	1788492247706	1788492247719	OK	 
REQUEST		Spin	1788492247754	1788492247767	OK	 
REQUEST		Spin	1788492247814	1788492247831	OK	 
REQUEST		Spin	1788492247865	1788492247878	OK	 
REQUEST		Spin	1788492247900	1788492247911	OK	 
REQUEST		Spin	1788492247961	1788492247981	OK	 
REQUEST		Spin	1788492248010	1788492248022	OK	 
REQUEST		Spin	1788492248054	1788492248067	OK	 
REQUEST		Spin	1788492248104	1788492248121	OK	 
REQUEST		Spin	1788492248157	1788492248170	OK	 
REQUEST		Spin	1788492248215	1788492248226	OK	 
REQUEST		Spin	1788492248257	1788492248267	OK	 
REQUEST		Spin	1788492248318	1788492248321	OK	 
REQUEST		Spin	1788492248409	1788492248432	OK	 
REQUEST		Spin	1788492248434	1788492248445	OK	 
REQUEST		Spin	1788492249502	1788492249510	OK	 
REQUEST		Spin	1788492249513	1788492249538	OK	 
REQUEST		Spin	1788492249560	1788492249574	OK	 
REQUEST		Spin	1788492249611	1788492249627	OK	 
REQUEST		Spin	1788492249657	1788492249670	OK	 
REQUEST		Spin	1788492249707	1788492249721	OK	 
REQUEST		Spin	1788492249755	1788492249771	OK	 
REQUEST		Spin	1788492249815	1788492249824	OK	 
REQUEST		Spin	1788492249868	1788492249878	OK	 
REQUEST		Spin	1788492249903	1788492249910	OK	 
REQUEST		Spin	1788492249962	1788492249974	OK	 
REQUEST		Spin	1788492250010	1788492250019	OK	 
REQUEST		Spin	1788492250056	1788492250066	OK	 
REQUEST		Spin	1788492250104	1788492250113	OK	 
REQUEST		Spin	1788492250159	1788492250169	OK	 
REQUEST		Spin	1788492250219	1788492250232	OK	 
REQUEST		Spin	1788492250258	1788492250271	OK	 
REQUEST		Spin	1788492250320	1788492250325	OK	 
REQUEST		Spin	1788492250410	1788492250432	OK	 
REQUEST		Spin	1788492250436	1788492250450	OK	 
USER	naga777-grpc-player-journey	END	1788492251505
USER	naga777-grpc-player-journey	END	1788492251513
USER	naga777-grpc-player-journey	END	1788492251562
USER	naga777-grpc-player-journey	END	1788492251611
USER	naga777-grpc-player-journey	END	1788492251659
USER	naga777-grpc-player-journey	END	1788492251709
USER	naga777-grpc-player-journey	END	1788492251757
USER	naga777-grpc-player-journey	END	1788492251817
USER	naga777-grpc-player-journey	END	1788492251871
USER	naga777-grpc-player-journey	END	1788492251904
USER	naga777-grpc-player-journey	END	1788492251964
USER	naga777-grpc-player-journey	END	1788492252013
USER	naga777-grpc-player-journey	END	1788492252056
USER	naga777-grpc-player-journey	END	1788492252105
USER	naga777-grpc-player-journey	END	1788492252162
USER	naga777-grpc-player-journey	END	1788492252219
USER	naga777-grpc-player-journey	END	1788492252259
USER	naga777-grpc-player-journey	END	1788492252322
USER	naga777-grpc-player-journey	END	1788492252411
USER	naga777-grpc-player-journey	END	1788492252438
